Archive member included to satisfy reference by file (symbol)

C:\Users\HP\Documents\work_space\SIGMA_UDS_TP\STM32_Cryptographic\lib\libSTM32Cryptographic_CM4.a(cmox_cbc_aesfast_decrypt.c.o)
                              STM32_Cryptographic/legacy_v3/src/cipher/legacy_v3_aes_cbc.o (CMOX_AESFAST_CBC_DEC)
C:\Users\HP\Documents\work_space\SIGMA_UDS_TP\STM32_Cryptographic\lib\libSTM32Cryptographic_CM4.a(cmox_cbc_aesfast_encrypt.c.o)
                              STM32_Cryptographic/legacy_v3/src/cipher/legacy_v3_aes_cbc.o (CMOX_AESFAST_CBC_ENC)
C:\Users\HP\Documents\work_space\SIGMA_UDS_TP\STM32_Cryptographic\lib\libSTM32Cryptographic_CM4.a(cmox_cbc_common.c.o)
                              STM32_Cryptographic/legacy_v3/src/cipher/legacy_v3_aes_cbc.o (cmox_cbc_construct)
C:\Users\HP\Documents\work_space\SIGMA_UDS_TP\STM32_Cryptographic\lib\libSTM32Cryptographic_CM4.a(cmox_cbc_decrypt.c.o)
                              C:\Users\HP\Documents\work_space\SIGMA_UDS_TP\STM32_Cryptographic\lib\libSTM32Cryptographic_CM4.a(cmox_cbc_aesfast_decrypt.c.o) (cmox_cbcDecrypt_construct)
C:\Users\HP\Documents\work_space\SIGMA_UDS_TP\STM32_Cryptographic\lib\libSTM32Cryptographic_CM4.a(cmox_cbc_encrypt.c.o)
                              C:\Users\HP\Documents\work_space\SIGMA_UDS_TP\STM32_Cryptographic\lib\libSTM32Cryptographic_CM4.a(cmox_cbc_aesfast_encrypt.c.o) (cmox_cbcEncrypt_construct)
C:\Users\HP\Documents\work_space\SIGMA_UDS_TP\STM32_Cryptographic\lib\libSTM32Cryptographic_CM4.a(cmox_ccm_aesfast_decrypt.c.o)
                              STM32_Cryptographic/legacy_v3/src/cipher/legacy_v3_aes_ccm.o (CMOX_AESFAST_CCM_DEC)
C:\Users\HP\Documents\work_space\SIGMA_UDS_TP\STM32_Cryptographic\lib\libSTM32Cryptographic_CM4.a(cmox_ccm_aesfast_encrypt.c.o)
                              STM32_Cryptographic/legacy_v3/src/cipher/legacy_v3_aes_ccm.o (CMOX_AESFAST_CCM_ENC)
C:\Users\HP\Documents\work_space\SIGMA_UDS_TP\STM32_Cryptographic\lib\libSTM32Cryptographic_CM4.a(cmox_ccm_common.c.o)
                              STM32_Cryptographic/legacy_v3/src/cipher/legacy_v3_aes_ccm.o (cmox_ccm_construct)
C:\Users\HP\Documents\work_space\SIGMA_UDS_TP\STM32_Cryptographic\lib\libSTM32Cryptographic_CM4.a(cmox_ccm_decrypt.c.o)
                              C:\Users\HP\Documents\work_space\SIGMA_UDS_TP\STM32_Cryptographic\lib\libSTM32Cryptographic_CM4.a(cmox_ccm_aesfast_decrypt.c.o) (cmox_ccmDecrypt_construct)
C:\Users\HP\Documents\work_space\SIGMA_UDS_TP\STM32_Cryptographic\lib\libSTM32Cryptographic_CM4.a(cmox_ccm_encrypt.c.o)
                              C:\Users\HP\Documents\work_space\SIGMA_UDS_TP\STM32_Cryptographic\lib\libSTM32Cryptographic_CM4.a(cmox_ccm_aesfast_encrypt.c.o) (cmox_ccmEncrypt_construct)
C:\Users\HP\Documents\work_space\SIGMA_UDS_TP\STM32_Cryptographic\lib\libSTM32Cryptographic_CM4.a(cmox_cfb_aesfast_decrypt.c.o)
                              STM32_Cryptographic/legacy_v3/src/cipher/legacy_v3_aes_cfb.o (CMOX_AESFAST_CFB_DEC)
C:\Users\HP\Documents\work_space\SIGMA_UDS_TP\STM32_Cryptographic\lib\libSTM32Cryptographic_CM4.a(cmox_cfb_aesfast_encrypt.c.o)
                              STM32_Cryptographic/legacy_v3/src/cipher/legacy_v3_aes_cfb.o (CMOX_AESFAST_CFB_ENC)
C:\Users\HP\Documents\work_space\SIGMA_UDS_TP\STM32_Cryptographic\lib\libSTM32Cryptographic_CM4.a(cmox_cfb_common.c.o)
                              STM32_Cryptographic/legacy_v3/src/cipher/legacy_v3_aes_cfb.o (cmox_cfb_construct)
C:\Users\HP\Documents\work_space\SIGMA_UDS_TP\STM32_Cryptographic\lib\libSTM32Cryptographic_CM4.a(cmox_cfb_decrypt.c.o)
                              C:\Users\HP\Documents\work_space\SIGMA_UDS_TP\STM32_Cryptographic\lib\libSTM32Cryptographic_CM4.a(cmox_cfb_aesfast_decrypt.c.o) (cmox_cfbDecrypt_construct)
C:\Users\HP\Documents\work_space\SIGMA_UDS_TP\STM32_Cryptographic\lib\libSTM32Cryptographic_CM4.a(cmox_cfb_encrypt.c.o)
                              C:\Users\HP\Documents\work_space\SIGMA_UDS_TP\STM32_Cryptographic\lib\libSTM32Cryptographic_CM4.a(cmox_cfb_aesfast_encrypt.c.o) (cmox_cfbEncrypt_construct)
C:\Users\HP\Documents\work_space\SIGMA_UDS_TP\STM32_Cryptographic\lib\libSTM32Cryptographic_CM4.a(cmox_chachapoly_common.c.o)
                              STM32_Cryptographic/legacy_v3/src/cipher/legacy_v3_chachapoly.o (cmox_chachapoly_construct)
C:\Users\HP\Documents\work_space\SIGMA_UDS_TP\STM32_Cryptographic\lib\libSTM32Cryptographic_CM4.a(cmox_chachapoly_decrypt.c.o)
                              STM32_Cryptographic/legacy_v3/src/cipher/legacy_v3_chachapoly.o (CMOX_CHACHAPOLY_DEC)
C:\Users\HP\Documents\work_space\SIGMA_UDS_TP\STM32_Cryptographic\lib\libSTM32Cryptographic_CM4.a(cmox_chachapoly_encrypt.c.o)
                              STM32_Cryptographic/legacy_v3/src/cipher/legacy_v3_chachapoly.o (CMOX_CHACHAPOLY_ENC)
C:\Users\HP\Documents\work_space\SIGMA_UDS_TP\STM32_Cryptographic\lib\libSTM32Cryptographic_CM4.a(cmox_cipher.c.o)
[...]
Memory Configuration

Name             Origin             Length             Attributes
RAM              0x0000000020000000 0x0000000000020000 xrw
FLASH            0x0000000008000000 0x0000000000020000 xr
*default*        0x0000000000000000 0xffffffffffffffff

Linker script and memory map

LOAD c:/st/stm32cubeide_1.6.1/stm32cubeide/plugins/com.st.stm32cube.ide.mcu.externaltools.gnu-tools-for-stm32.9-2020-q2-update.win32_1.5.0.202011040924/tools/bin/../lib/gcc/arm-none-eabi/9.3.1/thumb/v7e-m+fp/hard/crti.o
LOAD c:/st/stm32cubeide_1.6.1/stm32cubeide/plugins/com.st.stm32cube.ide.mcu.externaltools.gnu-tools-for-stm32.9-2020-q2-update.win32_1.5.0.202011040924/tools/bin/../lib/gcc/arm-none-eabi/9.3.1/thumb/v7e-m+fp/hard/crtbegin.o
LOAD c:/st/stm32cubeide_1.6.1/stm32cubeide/plugins/com.st.stm32cube.ide.mcu.externaltools.gnu-tools-for-stm32.9-2020-q2-update.win32_1.5.0.202011040924/tools/bin/../lib/gcc/arm-none-eabi/9.3.1/../../../../arm-none-eabi/lib/thumb/v7e-m+fp/hard/crt0.o
LOAD Core/Src/main.o
LOAD Core/Src/stm32f4xx_hal_msp.o
LOAD Core/Src/stm32f4xx_it.o
LOAD Core/Src/syscalls.o
LOAD Core/Src/sysmem.o
LOAD Core/Src/system_stm32f4xx.o
LOAD Core/Startup/startup_stm32f411retx.o
LOAD DCM/Src/SIGMA_dcm_core.o
LOAD DCM/Src/SIGMA_flash.o
LOAD DCM/Src/SIGMA_io_control.o
LOAD DCM/Src/SIGMA_iso_tp.o
LOAD DCM/Src/SIGMA_uds.o
LOAD Drivers/STM32F4xx_HAL_Driver/Src/stm32f4xx_hal.o
LOAD Drivers/STM32F4xx_HAL_Driver/Src/stm32f4xx_hal_cortex.o
LOAD Drivers/STM32F4xx_HAL_Driver/Src/stm32f4xx_hal_crc.o
LOAD Drivers/STM32F4xx_HAL_Driver/Src/stm32f4xx_hal_dma.o
LOAD Drivers/STM32F4xx_HAL_Driver/Src/stm32f4xx_hal_dma_ex.o
LOAD Drivers/STM32F4xx_HAL_Driver/Src/stm32f4xx_hal_exti.o
LOAD Drivers/STM32F4xx_HAL_Driver/Src/stm32f4xx_hal_flash.o
LOAD Drivers/STM32F4xx_HAL_Driver/Src/stm32f4xx_hal_flash_ex.o
LOAD Drivers/STM32F4xx_HAL_Driver/Src/stm32f4xx_hal_flash_ramfunc.o
LOAD Drivers/STM32F4xx_HAL_Driver/Src/stm32f4xx_hal_gpio.o
LOAD Drivers/STM32F4xx_HAL_Driver/Src/stm32f4xx_hal_pwr.o
LOAD Drivers/STM32F4xx_HAL_Driver/Src/stm32f4xx_hal_pwr_ex.o
LOAD Drivers/STM32F4xx_HAL_Driver/Src/stm32f4xx_hal_rcc.o
LOAD Drivers/STM32F4xx_HAL_Driver/Src/stm32f4xx_hal_rcc_ex.o
LOAD Drivers/STM32F4xx_HAL_Driver/Src/stm32f4xx_hal_tim.o
LOAD Drivers/STM32F4xx_HAL_Driver/Src/stm32f4xx_hal_tim_ex.o
LOAD Drivers/STM32F4xx_HAL_Driver/Src/stm32f4xx_hal_uart.o
LOAD STM32_Cryptographic/legacy_v3/src/cipher/legacy_v3_aes_cbc.o
LOAD STM32_Cryptographic/legacy_v3/src/cipher/legacy_v3_aes_ccm.o
LOAD STM32_Cryptographic/legacy_v3/src/cipher/legacy_v3_aes_cfb.o
LOAD STM32_Cryptographic/legacy_v3/src/cipher/legacy_v3_aes_ctr.o
LOAD STM32_Cryptographic/legacy_v3/src/cipher/legacy_v3_aes_ecb.o
LOAD STM32_Cryptographic/legacy_v3/src/cipher/legacy_v3_aes_gcm.o
LOAD STM32_Cryptographic/legacy_v3/src/cipher/legacy_v3_aes_keywrap.o
LOAD STM32_Cryptographic/legacy_v3/src/cipher/legacy_v3_aes_ofb.o
LOAD STM32_Cryptographic/legacy_v3/src/cipher/legacy_v3_aes_xts.o
LOAD STM32_Cryptographic/legacy_v3/src/cipher/legacy_v3_chachapoly.o
LOAD C:\Users\HP\Documents\work_space\SIGMA_UDS_TP\STM32_Cryptographic\lib\libSTM32Cryptographic_CM4.a
START GROUP
LOAD C:\Users\HP\Documents\work_space\SIGMA_UDS_TP\STM32_Cryptographic\lib\libSTM32Cryptographic_CM4.a
END GROUP
START GROUP
LOAD c:/st/stm32cubeide_1.6.1/stm32cubeide/plugins/com.st.stm32cube.ide.mcu.externaltools.gnu-tools-for-stm32.9-2020-q2-update.win32_1.5.0.202011040924/tools/bin/../lib/gcc/arm-none-eabi/9.3.1/../../../../arm-none-eabi/lib/thumb/v7e-m+fp/hard\libc_nano.a
LOAD c:/st/stm32cubeide_1.6.1/stm32cubeide/plugins/com.st.stm32cube.ide.mcu.externaltools.gnu-tools-for-stm32.9-2020-q2-update.win32_1.5.0.202011040924/tools/bin/../lib/gcc/arm-none-eabi/9.3.1/../../../../arm-none-eabi/lib/thumb/v7e-m+fp/hard\libm.a
END GROUP
START GROUP
LOAD c:/st/stm32cubeide_1.6.1/stm32cubeide/plugins/com.st.stm32cube.ide.mcu.externaltools.gnu-tools-for-stm32.9-2020-q2-update.win32_1.5.0.202011040924/tools/bin/../lib/gcc/arm-none-eabi/9.3.1/thumb/v7e-m+fp/hard\libgcc.a
LOAD c:/st/stm32cubeide_1.6.1/stm32cubeide/plugins/com.st.stm32cube.ide.mcu.externaltools.gnu-tools-for-stm32.9-2020-q2-update.win32_1.5.0.202011040924/tools/bin/../lib/gcc/arm-none-eabi/9.3.1/../../../../arm-none-eabi/lib/thumb/v7e-m+fp/hard\libc_nano.a
END GROUP
START GROUP
LOAD c:/st/stm32cubeide_1.6.1/stm32cubeide/plugins/com.st.stm32cube.ide.mcu.externaltools.gnu-tools-for-stm32.9-2020-q2-update.win32_1.5.0.202011040924/tools/bin/../lib/gcc/arm-none-eabi/9.3.1/thumb/v7e-m+fp/hard\libgcc.a
LOAD c:/st/stm32cubeide_1.6.1/stm32cubeide/plugins/com.st.stm32cube.ide.mcu.externaltools.gnu-tools-for-stm32.9-2020-q2-update.win32_1.5.0.202011040924/tools/bin/../lib/gcc/arm-none-eabi/9.3.1/../../../../arm-none-eabi/lib/thumb/v7e-m+fp/hard\libc_nano.a
LOAD c:/st/stm32cubeide_1.6.1/stm32cubeide/plugins/com.st.stm32cube.ide.mcu.externaltools.gnu-tools-for-stm32.9-2020-q2-update.win32_1.5.0.202011040924/tools/bin/../lib/gcc/arm-none-eabi/9.3.1/../../../../arm-none-eabi/lib/thumb/v7e-m+fp/hard\libnosys.a
END GROUP
START GROUP
LOAD c:/st/stm32cubeide_1.6.1/stm32cubeide/plugins/com.st.stm32cube.ide.mcu.externaltools.gnu-tools-for-stm32.9-2020-q2-update.win32_1.5.0.202011040924/tools/bin/../lib/gcc/arm-none-eabi/9.3.1/thumb/v7e-m+fp/hard\libgcc.a
LOAD c:/st/stm32cubeide_1.6.1/stm32cubeide/plugins/com.st.stm32cube.ide.mcu.externaltools.gnu-tools-for-stm32.9-2020-q2-update.win32_1.5.0.202011040924/tools/bin/../lib/gcc/arm-none-eabi/9.3.1/../../../../arm-none-eabi/lib/thumb/v7e-m+fp/hard\libc_nano.a
LOAD c:/st/stm32cubeide_1.6.1/stm32cubeide/plugins/com.st.stm32cube.ide.mcu.externaltools.gnu-tools-for-stm32.9-2020-q2-update.win32_1.5.0.202011040924/tools/bin/../lib/gcc/arm-none-eabi/9.3.1/../../../../arm-none-eabi/lib/thumb/v7e-m+fp/hard\libnosys.a
END GROUP
LOAD c:/st/stm32cubeide_1.6.1/stm32cubeide/plugins/com.st.stm32cube.ide.mcu.externaltools.gnu-tools-for-stm32.9-2020-q2-update.win32_1.5.0.202011040924/tools/bin/../lib/gcc/arm-none-eabi/9.3.1/thumb/v7e-m+fp/hard/crtend.o
LOAD c:/st/stm32cubeide_1.6.1/stm32cubeide/plugins/com.st.stm32cube.ide.mcu.externaltools.gnu-tools-for-stm32.9-2020-q2-update.win32_1.5.0.202011040924/tools/bin/../lib/gcc/arm-none-eabi/9.3.1/thumb/v7e-m+fp/hard/crtn.o
                0x0000000020020000                _estack = (ORIGIN (RAM) + LENGTH (RAM))
                0x0000000000000200                _Min_Heap_Size = 0x200
                0x0000000000000400                _Min_Stack_Size = 0x400

.isr_vector     0x0000000008000000      0x198
                0x0000000008000000                . = ALIGN (0x4)
 *(.isr_vector)
 .isr_vector    0x0000000008000000      0x198 Core/Startup/startup_stm32f411retx.o
                0x0000000008000000                g_pfnVectors
                0x0000000008000198                . = ALIGN (0x4)

.text           0x0000000008000198     0x5410
                0x0000000008000198                . = ALIGN (0x4)
 *(.text)
 .text          0x0000000008000198       0x40 c:/st/stm32cubeide_1.6.1/stm32cubeide/plugins/com.st.stm32cube.ide.mcu.externaltools.gnu-tools-for-stm32.9-2020-q2-update.win32_1.5.0.202011040924/tools/bin/../lib/gcc/arm-none-eabi/9.3.1/thumb/v7e-m+fp/hard/crtbegin.o
 .text          0x00000000080001d8       0x10 C:\Users\HP\Documents\work_space\SIGMA_UDS_TP\STM32_Cryptographic\lib\libSTM32Cryptographic_CM4.a(cmox_cipher.c.o)
                0x00000000080001d8                cmox_cipher_init
 .text          0x00000000080001e8       0x1c C:\Users\HP\Documents\work_space\SIGMA_UDS_TP\STM32_Cryptographic\lib\libSTM32Cryptographic_CM4.a(cmox_cipher.c.o)
                0x00000000080001e8                cmox_cipher_setKey
 .text          0x0000000008000204       0x30 C:\Users\HP\Documents\work_space\SIGMA_UDS_TP\STM32_Cryptographic\lib\libSTM32Cryptographic_CM4.a(cmox_cipher.c.o)
                0x0000000008000204                cmox_cipher_append
 .text          0x0000000008000234       0x64 C:\Users\HP\Documents\work_space\SIGMA_UDS_TP\STM32_Cryptographic\lib\libSTM32Cryptographic_CM4.a(cmox_cipher.c.o)
                0x0000000008000234                cmox_cipher_innerCompute
 .text          0x0000000008000298        0xe C:\Users\HP\Documents\work_space\SIGMA_UDS_TP\STM32_Cryptographic\lib\libSTM32Cryptographic_CM4.a(cmox_cipher_modes.c.o)
                0x0000000008000298                cmox_cipherMode_init
 *fill*         0x00000000080002a6        0x2 
 .text          0x00000000080002a8      0x3c8 C:\Users\HP\Documents\work_space\SIGMA_UDS_TP\STM32_Cryptographic\lib\libSTM32Cryptographic_CM4.a(cmox_cipher_modes.c.o)
                0x00000000080002a8                cmox_cipherMode_setKey
 .text          0x0000000008000670        0x6 C:\Users\HP\Documents\work_space\SIGMA_UDS_TP\STM32_Cryptographic\lib\libSTM32Cryptographic_CM4.a(cmox_cipher_modes.c.o)
                0x0000000008000670                cmox_cipher_setIV_empty
 .text          0x0000000008000676        0x6 C:\Users\HP\Documents\work_space\SIGMA_UDS_TP\STM32_Cryptographic\lib\libSTM32Cryptographic_CM4.a(cmox_cipher_modes.c.o)
                0x0000000008000676                cmox_cipher_setTagLen_empty
 .text          0x000000000800067c        0x6 C:\Users\HP\Documents\work_space\SIGMA_UDS_TP\STM32_Cryptographic\lib\libSTM32Cryptographic_CM4.a(cmox_cipher_modes.c.o)
                0x000000000800067c                cmox_cipher_setPayloadLen_empty
 .text          0x0000000008000682        0x6 C:\Users\HP\Documents\work_space\SIGMA_UDS_TP\STM32_Cryptographic\lib\libSTM32Cryptographic_CM4.a(cmox_cipher_modes.c.o)
                0x0000000008000682                cmox_cipher_setADLen_empty
 .text          0x0000000008000688        0x6 C:\Users\HP\Documents\work_space\SIGMA_UDS_TP\STM32_Cryptographic\lib\libSTM32Cryptographic_CM4.a(cmox_cipher_modes.c.o)
                0x0000000008000688                cmox_cipher_appendAD_empty
 *fill*         0x000000000800068e        0x2 
 .text          0x0000000008000690        0x8 C:\Users\HP\Documents\work_space\SIGMA_UDS_TP\STM32_Cryptographic\lib\libSTM32Cryptographic_CM4.a(cmox_cipher_modes.c.o)
                0x0000000008000690                cmox_cipher_generateTag_empty
 .text          0x0000000008000698        0x8 C:\Users\HP\Documents\work_space\SIGMA_UDS_TP\STM32_Cryptographic\lib\libSTM32Cryptographic_CM4.a(cmox_cipher_modes.c.o)
                0x0000000008000698                cmox_cipher_verifyTag_empty
 .text          0x00000000080006a0        0x8 C:\Users\HP\Documents\work_space\SIGMA_UDS_TP\STM32_Cryptographic\lib\libSTM32Cryptographic_CM4.a(cmox_cipher_modes.c.o)
 .text          0x00000000080006a8       0x28 C:\Users\HP\Documents\work_space\SIGMA_UDS_TP\STM32_Cryptographic\lib\libSTM32Cryptographic_CM4.a(cmox_cipher_utils.c.o)
                0x00000000080006a8                convert_block_2_words
 .text          0x00000000080006d0       0x2e C:\Users\HP\Documents\work_space\SIGMA_UDS_TP\STM32_Cryptographic\lib\libSTM32Cryptographic_CM4.a(cmox_cipher_utils.c.o)
                0x00000000080006d0                convert_block_2_bytes
 *fill*         0x00000000080006fe        0x2 
 .text          0x0000000008000700       0x3c C:\Users\HP\Documents\work_space\SIGMA_UDS_TP\STM32_Cryptographic\lib\libSTM32Cryptographic_CM4.a(cmox_ecb_aesfast_encrypt.c.o)
 .text          0x000000000800073c       0x80 C:\Users\HP\Documents\work_space\SIGMA_UDS_TP\STM32_Cryptographic\lib\libSTM32Cryptographic_CM4.a(cmox_ecb_common.c.o)
 .text          0x00000000080007bc       0x10 C:\Users\HP\Documents\work_space\SIGMA_UDS_TP\STM32_Cryptographic\lib\libSTM32Cryptographic_CM4.a(cmox_ecb_common.c.o)
 .text          0x00000000080007cc       0x20 C:\Users\HP\Documents\work_space\SIGMA_UDS_TP\STM32_Cryptographic\lib\libSTM32Cryptographic_CM4.a(cmox_ecb_common.c.o)
 .text          0x00000000080007ec       0x16 C:\Users\HP\Documents\work_space\SIGMA_UDS_TP\STM32_Cryptographic\lib\libSTM32Cryptographic_CM4.a(cmox_ecb_common.c.o)
 .text          0x0000000008000802       0x18 C:\Users\HP\Documents\work_space\SIGMA_UDS_TP\STM32_Cryptographic\lib\libSTM32Cryptographic_CM4.a(cmox_ecb_common.c.o)
 *fill*         0x000000000800081a        0x2 
 .text          0x000000000800081c       0x14 C:\Users\HP\Documents\work_space\SIGMA_UDS_TP\STM32_Cryptographic\lib\libSTM32Cryptographic_CM4.a(cmox_ecb_common.c.o)
                0x000000000800081c                cmox_ecb_construct
 .text          0x0000000008000830      0x2cc C:\Users\HP\Documents\work_space\SIGMA_UDS_TP\STM32_Cryptographic\lib\libSTM32Cryptographic_CM4.a(cmox_aesfast_encrypt.c.o)
 .text          0x0000000008000afc      0x110 C:\Users\HP\Documents\work_space\SIGMA_UDS_TP\STM32_Cryptographic\lib\libSTM32Cryptographic_CM4.a(cmox_aes_common.c.o)
                0x0000000008000afc                cmox_aesSmall_keySchedule
 .text          0x0000000008000c0c       0x9a c:/st/stm32cubeide_1.6.1/stm32cubeide/plugins/com.st.stm32cube.ide.mcu.externaltools.gnu-tools-for-stm32.9-2020-q2-update.win32_1.5.0.202011040924/tools/bin/../lib/gcc/arm-none-eabi/9.3.1/../../../../arm-none-eabi/lib/thumb/v7e-m+fp/hard\libc_nano.a(lib_a-aeabi_memset-soft.o)
                0x0000000008000c0c                __aeabi_memset8
                0x0000000008000c0c                __aeabi_memset4
                0x0000000008000c0c                __aeabi_memset
 *fill*         0x0000000008000ca6        0x2 
 .text          0x0000000008000ca8       0x30 c:/st/stm32cubeide_1.6.1/stm32cubeide/plugins/com.st.stm32cube.ide.mcu.externaltools.gnu-tools-for-stm32.9-2020-q2-update.win32_1.5.0.202011040924/tools/bin/../lib/gcc/arm-none-eabi/9.3.1/thumb/v7e-m+fp/hard\libgcc.a(_aeabi_uldivmod.o)
                0x0000000008000ca8                __aeabi_uldivmod
 .text          0x0000000008000cd8      0x2c4 c:/st/stm32cubeide_1.6.1/stm32cubeide/plugins/com.st.stm32cube.ide.mcu.externaltools.gnu-tools-for-stm32.9-2020-q2-update.win32_1.5.0.202011040924/tools/bin/../lib/gcc/arm-none-eabi/9.3.1/thumb/v7e-m+fp/hard\libgcc.a(_udivmoddi4.o)
                0x0000000008000cd8                __udivmoddi4
 .text          0x0000000008000f9c        0x4 c:/st/stm32cubeide_1.6.1/stm32cubeide/plugins/com.st.stm32cube.ide.mcu.externaltools.gnu-tools-for-stm32.9-2020-q2-update.win32_1.5.0.202011040924/tools/bin/../lib/gcc/arm-none-eabi/9.3.1/thumb/v7e-m+fp/hard\libgcc.a(_dvmd_tls.o)
                0x0000000008000f9c                __aeabi_idiv0
                0x0000000008000f9c                __aeabi_ldiv0
 *(.text*)
 .text.main     0x0000000008000fa0       0x58 Core/Src/main.o
                0x0000000008000fa0                main
 .text.SystemClock_Config
                0x0000000008000ff8       0xd0 Core/Src/main.o
                0x0000000008000ff8                SystemClock_Config
 .text.MX_CRC_Init
                0x00000000080010c8       0x28 Core/Src/main.o
 .text.MX_USART2_UART_Init
                0x00000000080010f0       0x54 Core/Src/main.o
 .text.MX_GPIO_Init
                0x0000000008001144       0xec Core/Src/main.o
 .text.HAL_UARTEx_RxEventCallback
                0x0000000008001230       0x40 Core/Src/main.o
                0x0000000008001230                HAL_UARTEx_RxEventCallback
 .text.HAL_GPIO_EXTI_Callback
                0x0000000008001270       0x6c Core/Src/main.o
                0x0000000008001270                HAL_GPIO_EXTI_Callback
 .text.Error_Handler
                0x00000000080012dc        0xa Core/Src/main.o
                0x00000000080012dc                Error_Handler
 *fill*         0x00000000080012e6        0x2 
 .text.HAL_MspInit
                0x00000000080012e8       0x50 Core/Src/stm32f4xx_hal_msp.o
                0x00000000080012e8                HAL_MspInit
 .text.HAL_CRC_MspInit
                0x0000000008001338       0x44 Core/Src/stm32f4xx_hal_msp.o
                0x0000000008001338                HAL_CRC_MspInit
 .text.HAL_UART_MspInit
                0x000000000800137c       0xa0 Core/Src/stm32f4xx_hal_msp.o
                0x000000000800137c                HAL_UART_MspInit
 .text.NMI_Handler
                0x000000000800141c        0x6 Core/Src/stm32f4xx_it.o
                0x000000000800141c                NMI_Handler
 .text.HardFault_Handler
                0x0000000008001422        0x6 Core/Src/stm32f4xx_it.o
                0x0000000008001422                HardFault_Handler
 .text.MemManage_Handler
                0x0000000008001428        0x6 Core/Src/stm32f4xx_it.o
                0x0000000008001428                MemManage_Handler
 .text.BusFault_Handler
                0x000000000800142e        0x6 Core/Src/stm32f4xx_it.o
                0x000000000800142e                BusFault_Handler
 .text.UsageFault_Handler
                0x0000000008001434        0x6 Core/Src/stm32f4xx_it.o
                0x0000000008001434                UsageFault_Handler
 .text.SVC_Handler
                0x000000000800143a        0xe Core/Src/stm32f4xx_it.o
                0x000000000800143a                SVC_Handler
 .text.DebugMon_Handler
                0x0000000008001448        0xe Core/Src/stm32f4xx_it.o
                0x0000000008001448                DebugMon_Handler
 .text.PendSV_Handler
                0x0000000008001456        0xe Core/Src/stm32f4xx_it.o
                0x0000000008001456                PendSV_Handler
 .text.SysTick_Handler
                0x0000000008001464        0xc Core/Src/stm32f4xx_it.o
                0x0000000008001464                SysTick_Handler
 .text.USART2_IRQHandler
                0x0000000008001470       0x14 Core/Src/stm32f4xx_it.o
                0x0000000008001470                USART2_IRQHandler
 .text.EXTI15_10_IRQHandler
                0x0000000008001484       0x10 Core/Src/stm32f4xx_it.o
                0x0000000008001484                EXTI15_10_IRQHandler
 .text.SystemInit
                0x0000000008001494       0x24 Core/Src/system_stm32f4xx.o
                0x0000000008001494                SystemInit
 .text.Reset_Handler
                0x00000000080014b8       0x50 Core/Startup/startup_stm32f411retx.o
                0x00000000080014b8                Reset_Handler
 .text.Default_Handler
                0x0000000008001508        0x2 Core/Startup/startup_stm32f411retx.o
                0x0000000008001508                RTC_Alarm_IRQHandler
                0x0000000008001508                EXTI2_IRQHandler
                0x0000000008001508                SPI4_IRQHandler
                0x0000000008001508                TIM1_CC_IRQHandler
                0x0000000008001508                DMA2_Stream5_IRQHandler
                0x0000000008001508                DMA1_Stream5_IRQHandler
                0x0000000008001508                PVD_IRQHandler
                0x0000000008001508                SDIO_IRQHandler
                0x0000000008001508                TAMP_STAMP_IRQHandler
                0x0000000008001508                EXTI3_IRQHandler
                0x0000000008001508                TIM1_UP_TIM10_IRQHandler
                0x0000000008001508                I2C3_ER_IRQHandler
                0x0000000008001508                EXTI0_IRQHandler
                0x0000000008001508                I2C2_EV_IRQHandler
                0x0000000008001508                DMA1_Stream2_IRQHandler
                0x0000000008001508                FPU_IRQHandler
                0x0000000008001508                DMA2_Stream2_IRQHandler
                0x0000000008001508                SPI1_IRQHandler
                0x0000000008001508                TIM1_BRK_TIM9_IRQHandler
                0x0000000008001508                DMA2_Stream3_IRQHandler
                0x0000000008001508                USART6_IRQHandler
                0x0000000008001508                DMA2_Stream0_IRQHandler
                0x0000000008001508                TIM4_IRQHandler
                0x0000000008001508                I2C1_EV_IRQHandler
                0x0000000008001508                DMA1_Stream6_IRQHandler
                0x0000000008001508                DMA1_Stream1_IRQHandler
                0x0000000008001508                TIM3_IRQHandler
                0x0000000008001508                RCC_IRQHandler
                0x0000000008001508                Default_Handler
                0x0000000008001508                ADC_IRQHandler
                0x0000000008001508                DMA1_Stream7_IRQHandler
                0x0000000008001508                SPI5_IRQHandler
                0x0000000008001508                TIM5_IRQHandler
                0x0000000008001508                DMA2_Stream7_IRQHandler
                0x0000000008001508                I2C3_EV_IRQHandler
                0x0000000008001508                EXTI9_5_IRQHandler
                0x0000000008001508                RTC_WKUP_IRQHandler
                0x0000000008001508                SPI2_IRQHandler
                0x0000000008001508                DMA1_Stream0_IRQHandler
                0x0000000008001508                EXTI4_IRQHandler
                0x0000000008001508                WWDG_IRQHandler
                0x0000000008001508                TIM2_IRQHandler
                0x0000000008001508                OTG_FS_WKUP_IRQHandler
                0x0000000008001508                TIM1_TRG_COM_TIM11_IRQHandler
                0x0000000008001508                EXTI1_IRQHandler
                0x0000000008001508                I2C2_ER_IRQHandler
                0x0000000008001508                DMA2_Stream1_IRQHandler
                0x0000000008001508                FLASH_IRQHandler
                0x0000000008001508                DMA2_Stream4_IRQHandler
                0x0000000008001508                USART1_IRQHandler
                0x0000000008001508                OTG_FS_IRQHandler
                0x0000000008001508                SPI3_IRQHandler
                0x0000000008001508                DMA1_Stream4_IRQHandler
                0x0000000008001508                I2C1_ER_IRQHandler
                0x0000000008001508                DMA2_Stream6_IRQHandler
                0x0000000008001508                DMA1_Stream3_IRQHandler
 .text.prv_DecodePci
                0x000000000800150a       0x48 DCM/Src/SIGMA_dcm_core.o
 .text.prv_SendGeneralReject
                0x0000000008001552       0x3a DCM/Src/SIGMA_dcm_core.o
 .text.DCM_Core_ProcessFrame
                0x000000000800158c       0x58 DCM/Src/SIGMA_dcm_core.o
                0x000000000800158c                DCM_Core_ProcessFrame
 .text.DCM_Core_Tick
                0x00000000080015e4        0xc DCM/Src/SIGMA_dcm_core.o
                0x00000000080015e4                DCM_Core_Tick
 .text.SIGMA_Flash_GetSector
                0x00000000080015f0       0x88 DCM/Src/SIGMA_flash.o
 .text.SIGMA_Flash_Erase
                0x0000000008001678       0x62 DCM/Src/SIGMA_flash.o
                0x0000000008001678                SIGMA_Flash_Erase
 *fill*         0x00000000080016da        0x2 
 .text._LED_ReadCurrent
                0x00000000080016dc       0x18 DCM/Src/SIGMA_io_control.o
 .text._Buzzer_ReadCurrent
                0x00000000080016f4       0x38 DCM/Src/SIGMA_io_control.o
 .text._Fan_ReadCurrent
                0x000000000800172c       0x38 DCM/Src/SIGMA_io_control.o
 .text._Relay_ReadCurrent
                0x0000000008001764       0x18 DCM/Src/SIGMA_io_control.o
 .text._Buzzer_SetDuty
                0x000000000800177c       0x40 DCM/Src/SIGMA_io_control.o
 .text._Fan_SetDuty
                0x00000000080017bc       0x40 DCM/Src/SIGMA_io_control.o
 .text.SIGMA_IOControl
                0x00000000080017fc      0x410 DCM/Src/SIGMA_io_control.o
                0x00000000080017fc                SIGMA_IOControl
 .text.SIGMA_IOControl_Tick
                0x0000000008001c0c       0xbc DCM/Src/SIGMA_io_control.o
                0x0000000008001c0c                SIGMA_IOControl_Tick
 .text.send_fc  0x0000000008001cc8       0x3c DCM/Src/SIGMA_iso_tp.o
 .text.reset_ctx
                0x0000000008001d04       0x1c DCM/Src/SIGMA_iso_tp.o
 .text.send_nrc
                0x0000000008001d20       0x48 DCM/Src/SIGMA_iso_tp.o
 .text.SIGMA_ISO_TP_Send
                0x0000000008001d68      0x13c DCM/Src/SIGMA_iso_tp.o
                0x0000000008001d68                SIGMA_ISO_TP_Send
 .text.SIGMA_ISO_TP_Process
                0x0000000008001ea4      0x254 DCM/Src/SIGMA_iso_tp.o
                0x0000000008001ea4                SIGMA_ISO_TP_Process
 .text.SIGMA_HighSecurity
                0x00000000080020f8      0x2d4 DCM/Src/SIGMA_iso_tp.o
                0x00000000080020f8                SIGMA_HighSecurity
 .text.__NVIC_SystemReset
                0x00000000080023cc       0x2c DCM/Src/SIGMA_uds.o
 .text.SIGMA_UART_Send
                0x00000000080023f8       0x44 DCM/Src/SIGMA_uds.o
                0x00000000080023f8                SIGMA_UART_Send
 .text.SIGMA_UDS_Process
                0x000000000800243c      0x198 DCM/Src/SIGMA_uds.o
                0x000000000800243c                SIGMA_UDS_Process
 .text.SIGMA_DiagSession
                0x00000000080025d4      0x14c DCM/Src/SIGMA_uds.o
                0x00000000080025d4                SIGMA_DiagSession
 .text.SIGMA_ECUReset
                0x0000000008002720      0x12c DCM/Src/SIGMA_uds.o
                0x0000000008002720                SIGMA_ECUReset
 .text.SIGMA_READ_DID
                0x000000000800284c      0x1fc DCM/Src/SIGMA_uds.o
                0x000000000800284c                SIGMA_READ_DID
 .text.SIGMA_RoutineControl
                0x0000000008002a48      0x1e4 DCM/Src/SIGMA_uds.o
                0x0000000008002a48                SIGMA_RoutineControl
 .text.SIGMA_SecurityAccess
                0x0000000008002c2c      0x250 DCM/Src/SIGMA_uds.o
                0x0000000008002c2c                SIGMA_SecurityAccess
 .text.HAL_Init
                0x0000000008002e7c       0x44 Drivers/STM32F4xx_HAL_Driver/Src/stm32f4xx_hal.o
                0x0000000008002e7c                HAL_Init
 .text.HAL_InitTick
                0x0000000008002ec0       0x60 Drivers/STM32F4xx_HAL_Driver/Src/stm32f4xx_hal.o
                0x0000000008002ec0                HAL_InitTick
 .text.HAL_IncTick
                0x0000000008002f20       0x28 Drivers/STM32F4xx_HAL_Driver/Src/stm32f4xx_hal.o
                0x0000000008002f20                HAL_IncTick
 .text.HAL_GetTick
                0x0000000008002f48       0x18 Drivers/STM32F4xx_HAL_Driver/Src/stm32f4xx_hal.o
                0x0000000008002f48                HAL_GetTick
 .text.HAL_Delay
                0x0000000008002f60       0x48 Drivers/STM32F4xx_HAL_Driver/Src/stm32f4xx_hal.o
                0x0000000008002f60                HAL_Delay
 .text.__NVIC_SetPriorityGrouping
                0x0000000008002fa8       0x48 Drivers/STM32F4xx_HAL_Driver/Src/stm32f4xx_hal_cortex.o
 .text.__NVIC_GetPriorityGrouping
                0x0000000008002ff0       0x1c Drivers/STM32F4xx_HAL_Driver/Src/stm32f4xx_hal_cortex.o
 .text.__NVIC_EnableIRQ
                0x000000000800300c       0x3c Drivers/STM32F4xx_HAL_Driver/Src/stm32f4xx_hal_cortex.o
 .text.__NVIC_SetPriority
                0x0000000008003048       0x54 Drivers/STM32F4xx_HAL_Driver/Src/stm32f4xx_hal_cortex.o
 .text.NVIC_EncodePriority
                0x000000000800309c       0x66 Drivers/STM32F4xx_HAL_Driver/Src/stm32f4xx_hal_cortex.o
 *fill*         0x0000000008003102        0x2 
 .text.SysTick_Config
                0x0000000008003104       0x44 Drivers/STM32F4xx_HAL_Driver/Src/stm32f4xx_hal_cortex.o
 .text.HAL_NVIC_SetPriorityGrouping
                0x0000000008003148       0x16 Drivers/STM32F4xx_HAL_Driver/Src/stm32f4xx_hal_cortex.o
                0x0000000008003148                HAL_NVIC_SetPriorityGrouping
 .text.HAL_NVIC_SetPriority
                0x000000000800315e       0x38 Drivers/STM32F4xx_HAL_Driver/Src/stm32f4xx_hal_cortex.o
                0x000000000800315e                HAL_NVIC_SetPriority
 .text.HAL_NVIC_EnableIRQ
                0x0000000008003196       0x1c Drivers/STM32F4xx_HAL_Driver/Src/stm32f4xx_hal_cortex.o
                0x0000000008003196                HAL_NVIC_EnableIRQ
 .text.HAL_SYSTICK_Config
                0x00000000080031b2       0x18 Drivers/STM32F4xx_HAL_Driver/Src/stm32f4xx_hal_cortex.o
                0x00000000080031b2                HAL_SYSTICK_Config
 .text.HAL_CRC_Init
                0x00000000080031ca       0x38 Drivers/STM32F4xx_HAL_Driver/Src/stm32f4xx_hal_crc.o
                0x00000000080031ca                HAL_CRC_Init
 .text.HAL_DMA_Abort
                0x0000000008003202       0xe0 Drivers/STM32F4xx_HAL_Driver/Src/stm32f4xx_hal_dma.o
                0x0000000008003202                HAL_DMA_Abort
 .text.HAL_DMA_Abort_IT
                0x00000000080032e2       0x44 Drivers/STM32F4xx_HAL_Driver/Src/stm32f4xx_hal_dma.o
                0x00000000080032e2                HAL_DMA_Abort_IT
 *fill*         0x0000000008003326        0x2 
 .text.HAL_FLASH_Unlock
                0x0000000008003328       0x44 Drivers/STM32F4xx_HAL_Driver/Src/stm32f4xx_hal_flash.o
                0x0000000008003328                HAL_FLASH_Unlock
 .text.HAL_FLASH_Lock
                0x000000000800336c       0x20 Drivers/STM32F4xx_HAL_Driver/Src/stm32f4xx_hal_flash.o
                0x000000000800336c                HAL_FLASH_Lock
 .text.FLASH_WaitForLastOperation
                0x000000000800338c       0x80 Drivers/STM32F4xx_HAL_Driver/Src/stm32f4xx_hal_flash.o
                0x000000000800338c                FLASH_WaitForLastOperation
 .text.FLASH_SetErrorCode
                0x000000000800340c       0xcc Drivers/STM32F4xx_HAL_Driver/Src/stm32f4xx_hal_flash.o
 .text.HAL_FLASHEx_Erase
                0x00000000080034d8       0xe0 Drivers/STM32F4xx_HAL_Driver/Src/stm32f4xx_hal_flash_ex.o
                0x00000000080034d8                HAL_FLASHEx_Erase
 .text.FLASH_MassErase
                0x00000000080035b8       0x48 Drivers/STM32F4xx_HAL_Driver/Src/stm32f4xx_hal_flash_ex.o
 .text.FLASH_Erase_Sector
                0x0000000008003600       0x90 Drivers/STM32F4xx_HAL_Driver/Src/stm32f4xx_hal_flash_ex.o
                0x0000000008003600                FLASH_Erase_Sector
 .text.FLASH_FlushCaches
                0x0000000008003690       0x8c Drivers/STM32F4xx_HAL_Driver/Src/stm32f4xx_hal_flash_ex.o
                0x0000000008003690                FLASH_FlushCaches
 .text.HAL_GPIO_Init
                0x000000000800371c      0x308 Drivers/STM32F4xx_HAL_Driver/Src/stm32f4xx_hal_gpio.o
                0x000000000800371c                HAL_GPIO_Init
 .text.HAL_GPIO_ReadPin
                0x0000000008003a24       0x30 Drivers/STM32F4xx_HAL_Driver/Src/stm32f4xx_hal_gpio.o
                0x0000000008003a24                HAL_GPIO_ReadPin
 .text.HAL_GPIO_WritePin
                0x0000000008003a54       0x32 Drivers/STM32F4xx_HAL_Driver/Src/stm32f4xx_hal_gpio.o
                0x0000000008003a54                HAL_GPIO_WritePin
 *fill*         0x0000000008003a86        0x2 
 .text.HAL_GPIO_EXTI_IRQHandler
                0x0000000008003a88       0x30 Drivers/STM32F4xx_HAL_Driver/Src/stm32f4xx_hal_gpio.o
                0x0000000008003a88                HAL_GPIO_EXTI_IRQHandler
 .text.HAL_RCC_OscConfig
                0x0000000008003ab8      0x4f0 Drivers/STM32F4xx_HAL_Driver/Src/stm32f4xx_hal_rcc.o
                0x0000000008003ab8                HAL_RCC_OscConfig
 .text.HAL_RCC_ClockConfig
                0x0000000008003fa8      0x1cc Drivers/STM32F4xx_HAL_Driver/Src/stm32f4xx_hal_rcc.o
                0x0000000008003fa8                HAL_RCC_ClockConfig
 .text.HAL_RCC_GetSysClockFreq
                0x0000000008004174      0x1c4 Drivers/STM32F4xx_HAL_Driver/Src/stm32f4xx_hal_rcc.o
                0x0000000008004174                HAL_RCC_GetSysClockFreq
 .text.HAL_RCC_GetHCLKFreq
                0x0000000008004338       0x18 Drivers/STM32F4xx_HAL_Driver/Src/stm32f4xx_hal_rcc.o
                0x0000000008004338                HAL_RCC_GetHCLKFreq
 .text.HAL_RCC_GetPCLK1Freq
                0x0000000008004350       0x28 Drivers/STM32F4xx_HAL_Driver/Src/stm32f4xx_hal_rcc.o
                0x0000000008004350                HAL_RCC_GetPCLK1Freq
 .text.HAL_RCC_GetPCLK2Freq
                0x0000000008004378       0x28 Drivers/STM32F4xx_HAL_Driver/Src/stm32f4xx_hal_rcc.o
                0x0000000008004378                HAL_RCC_GetPCLK2Freq
 .text.HAL_UART_Init
                0x00000000080043a0       0x9a Drivers/STM32F4xx_HAL_Driver/Src/stm32f4xx_hal_uart.o
                0x00000000080043a0                HAL_UART_Init
 .text.HAL_UART_Transmit
                0x000000000800443a      0x124 Drivers/STM32F4xx_HAL_Driver/Src/stm32f4xx_hal_uart.o
                0x000000000800443a                HAL_UART_Transmit
 .text.HAL_UARTEx_ReceiveToIdle_IT
                0x000000000800455e       0xca Drivers/STM32F4xx_HAL_Driver/Src/stm32f4xx_hal_uart.o
                0x000000000800455e                HAL_UARTEx_ReceiveToIdle_IT
 .text.HAL_UART_IRQHandler
                0x0000000008004628      0x51c Drivers/STM32F4xx_HAL_Driver/Src/stm32f4xx_hal_uart.o
                0x0000000008004628                HAL_UART_IRQHandler
 .text.HAL_UART_TxCpltCallback
                0x0000000008004b44       0x14 Drivers/STM32F4xx_HAL_Driver/Src/stm32f4xx_hal_uart.o
                0x0000000008004b44                HAL_UART_TxCpltCallback
 .text.HAL_UART_RxCpltCallback
                0x0000000008004b58       0x14 Drivers/STM32F4xx_HAL_Driver/Src/stm32f4xx_hal_uart.o
                0x0000000008004b58                HAL_UART_RxCpltCallback
 .text.HAL_UART_ErrorCallback
                0x0000000008004b6c       0x14 Drivers/STM32F4xx_HAL_Driver/Src/stm32f4xx_hal_uart.o
                0x0000000008004b6c                HAL_UART_ErrorCallback
 .text.UART_WaitOnFlagUntilTimeout
                0x0000000008004b80       0xdc Drivers/STM32F4xx_HAL_Driver/Src/stm32f4xx_hal_uart.o
 .text.UART_Start_Receive_IT
                0x0000000008004c5c       0x74 Drivers/STM32F4xx_HAL_Driver/Src/stm32f4xx_hal_uart.o
                0x0000000008004c5c                UART_Start_Receive_IT
 .text.UART_EndRxTransfer
                0x0000000008004cd0       0xc6 Drivers/STM32F4xx_HAL_Driver/Src/stm32f4xx_hal_uart.o
 .text.UART_DMAAbortOnError
                0x0000000008004d96       0x28 Drivers/STM32F4xx_HAL_Driver/Src/stm32f4xx_hal_uart.o
 .text.UART_Transmit_IT
                0x0000000008004dbe       0xa0 Drivers/STM32F4xx_HAL_Driver/Src/stm32f4xx_hal_uart.o
 .text.UART_EndTransmit_IT
                0x0000000008004e5e       0x30 Drivers/STM32F4xx_HAL_Driver/Src/stm32f4xx_hal_uart.o
 .text.UART_Receive_IT
                0x0000000008004e8e      0x176 Drivers/STM32F4xx_HAL_Driver/Src/stm32f4xx_hal_uart.o
 .text.UART_SetConfig
                0x0000000008005004      0x390 Drivers/STM32F4xx_HAL_Driver/Src/stm32f4xx_hal_uart.o
 .text.AES_ECB_Encrypt_Init
                0x0000000008005394       0x98 STM32_Cryptographic/legacy_v3/src/cipher/legacy_v3_aes_ecb.o
                0x0000000008005394                AES_ECB_Encrypt_Init
 .text.AES_ECB_Encrypt_Append
                0x000000000800542c       0x84 STM32_Cryptographic/legacy_v3/src/cipher/legacy_v3_aes_ecb.o
                0x000000000800542c                AES_ECB_Encrypt_Append
 .text.AES_ECB_Encrypt_Finish
                0x00000000080054b0       0x48 STM32_Cryptographic/legacy_v3/src/cipher/legacy_v3_aes_ecb.o
                0x00000000080054b0                AES_ECB_Encrypt_Finish
 .text.__aeabi_memclr
                0x00000000080054f8        0x6 c:/st/stm32cubeide_1.6.1/stm32cubeide/plugins/com.st.stm32cube.ide.mcu.externaltools.gnu-tools-for-stm32.9-2020-q2-update.win32_1.5.0.202011040924/tools/bin/../lib/gcc/arm-none-eabi/9.3.1/../../../../arm-none-eabi/lib/thumb/v7e-m+fp/hard\libc_nano.a(lib_a-aeabi_memclr.o)
                0x00000000080054f8                __aeabi_memclr
                0x00000000080054f8                __aeabi_memclr4
                0x00000000080054f8                __aeabi_memclr8
 *fill*         0x00000000080054fe        0x2 
 .text.__libc_init_array
                0x0000000008005500       0x48 c:/st/stm32cubeide_1.6.1/stm32cubeide/plugins/com.st.stm32cube.ide.mcu.externaltools.gnu-tools-for-stm32.9-2020-q2-update.win32_1.5.0.202011040924/tools/bin/../lib/gcc/arm-none-eabi/9.3.1/../../../../arm-none-eabi/lib/thumb/v7e-m+fp/hard\libc_nano.a(lib_a-init.o)
                0x0000000008005500                __libc_init_array
 .text.memcmp   0x0000000008005548       0x1c c:/st/stm32cubeide_1.6.1/stm32cubeide/plugins/com.st.stm32cube.ide.mcu.externaltools.gnu-tools-for-stm32.9-2020-q2-update.win32_1.5.0.202011040924/tools/bin/../lib/gcc/arm-none-eabi/9.3.1/../../../../arm-none-eabi/lib/thumb/v7e-m+fp/hard\libc_nano.a(lib_a-memcmp.o)
                0x0000000008005548                memcmp
 .text.memcpy   0x0000000008005564       0x1c c:/st/stm32cubeide_1.6.1/stm32cubeide/plugins/com.st.stm32cube.ide.mcu.externaltools.gnu-tools-for-stm32.9-2020-q2-update.win32_1.5.0.202011040924/tools/bin/../lib/gcc/arm-none-eabi/9.3.1/../../../../arm-none-eabi/lib/thumb/v7e-m+fp/hard\libc_nano.a(lib_a-memcpy-stub.o)
                0x0000000008005564                memcpy
 .text.memset   0x0000000008005580       0x10 c:/st/stm32cubeide_1.6.1/stm32cubeide/plugins/com.st.stm32cube.ide.mcu.externaltools.gnu-tools-for-stm32.9-2020-q2-update.win32_1.5.0.202011040924/tools/bin/../lib/gcc/arm-none-eabi/9.3.1/../../../../arm-none-eabi/lib/thumb/v7e-m+fp/hard\libc_nano.a(lib_a-memset.o)
                0x0000000008005580                memset
 *(.glue_7)
 .glue_7        0x0000000008005590        0x0 linker stubs
 *(.glue_7t)
 .glue_7t       0x0000000008005590        0x0 linker stubs
 *(.eh_frame)
 .eh_frame      0x0000000008005590        0x0 c:/st/stm32cubeide_1.6.1/stm32cubeide/plugins/com.st.stm32cube.ide.mcu.externaltools.gnu-tools-for-stm32.9-2020-q2-update.win32_1.5.0.202011040924/tools/bin/../lib/gcc/arm-none-eabi/9.3.1/thumb/v7e-m+fp/hard/crtbegin.o
 *(.init)
 .init          0x0000000008005590        0x4 c:/st/stm32cubeide_1.6.1/stm32cubeide/plugins/com.st.stm32cube.ide.mcu.externaltools.gnu-tools-for-stm32.9-2020-q2-update.win32_1.5.0.202011040924/tools/bin/../lib/gcc/arm-none-eabi/9.3.1/thumb/v7e-m+fp/hard/crti.o
                0x0000000008005590                _init
 .init          0x0000000008005594        0x8 c:/st/stm32cubeide_1.6.1/stm32cubeide/plugins/com.st.stm32cube.ide.mcu.externaltools.gnu-tools-for-stm32.9-2020-q2-update.win32_1.5.0.202011040924/tools/bin/../lib/gcc/arm-none-eabi/9.3.1/thumb/v7e-m+fp/hard/crtn.o
 *(.fini)
 .fini          0x000000000800559c        0x4 c:/st/stm32cubeide_1.6.1/stm32cubeide/plugins/com.st.stm32cube.ide.mcu.externaltools.gnu-tools-for-stm32.9-2020-q2-update.win32_1.5.0.202011040924/tools/bin/../lib/gcc/arm-none-eabi/9.3.1/thumb/v7e-m+fp/hard/crti.o
                0x000000000800559c                _fini
 .fini          0x00000000080055a0        0x8 c:/st/stm32cubeide_1.6.1/stm32cubeide/plugins/com.st.stm32cube.ide.mcu.externaltools.gnu-tools-for-stm32.9-2020-q2-update.win32_1.5.0.202011040924/tools/bin/../lib/gcc/arm-none-eabi/9.3.1/thumb/v7e-m+fp/hard/crtn.o
                0x00000000080055a8                . = ALIGN (0x4)
                0x00000000080055a8                _etext = .

.vfp11_veneer   0x00000000080055a8        0x0
 .vfp11_veneer  0x00000000080055a8        0x0 linker stubs

.v4_bx          0x00000000080055a8        0x0
 .v4_bx         0x00000000080055a8        0x0 linker stubs

.iplt           0x00000000080055a8        0x0
 .iplt          0x00000000080055a8        0x0 c:/st/stm32cubeide_1.6.1/stm32cubeide/plugins/com.st.stm32cube.ide.mcu.externaltools.gnu-tools-for-stm32.9-2020-q2-update.win32_1.5.0.202011040924/tools/bin/../lib/gcc/arm-none-eabi/9.3.1/thumb/v7e-m+fp/hard/crtbegin.o

.rodata         0x00000000080055a8       0xa8
                0x00000000080055a8                . = ALIGN (0x4)
 *(.rodata)
 .rodata        0x00000000080055a8        0x4 C:\Users\HP\Documents\work_space\SIGMA_UDS_TP\STM32_Cryptographic\lib\libSTM32Cryptographic_CM4.a(cmox_ecb_aesfast_encrypt.c.o)
                0x00000000080055a8                CMOX_AESFAST_ECB_ENC
 .rodata        0x00000000080055ac       0x2c C:\Users\HP\Documents\work_space\SIGMA_UDS_TP\STM32_Cryptographic\lib\libSTM32Cryptographic_CM4.a(cmox_ecb_common.c.o)
 .rodata        0x00000000080055d8        0x8 C:\Users\HP\Documents\work_space\SIGMA_UDS_TP\STM32_Cryptographic\lib\libSTM32Cryptographic_CM4.a(cmox_init.c.o)
                0x00000000080055d8                cmox_table
 .rodata        0x00000000080055e0        0x8 C:\Users\HP\Documents\work_space\SIGMA_UDS_TP\STM32_Cryptographic\lib\libSTM32Cryptographic_CM4.a(cmox_aesfast_encrypt.c.o)
 .rodata        0x00000000080055e8        0x4 C:\Users\HP\Documents\work_space\SIGMA_UDS_TP\STM32_Cryptographic\lib\libSTM32Cryptographic_CM4.a(cmox_aesfast_encrypt.c.o)
                0x00000000080055e8                CMOX_AESFAST_ENCRYPT_VTABLE
 .rodata        0x00000000080055ec       0x28 C:\Users\HP\Documents\work_space\SIGMA_UDS_TP\STM32_Cryptographic\lib\libSTM32Cryptographic_CM4.a(cmox_aes_common.c.o)
 *(.rodata*)
 .rodata.AHBPrescTable
                0x0000000008005614       0x10 Core/Src/system_stm32f4xx.o
                0x0000000008005614                AHBPrescTable
 .rodata.APBPrescTable
                0x0000000008005624        0x8 Core/Src/system_stm32f4xx.o
                0x0000000008005624                APBPrescTable
 .rodata.aes_key
                0x000000000800562c       0x10 DCM/Src/SIGMA_iso_tp.o
 .rodata.VIN_NUMBER
                0x000000000800563c       0x11 DCM/Src/SIGMA_uds.o
                0x0000000008005650                . = ALIGN (0x4)
 *fill*         0x000000000800564d        0x3 

CMOX_CTA_PROTECTED_DATA
                0x0000000008005650      0x500
 CMOX_CTA_PROTECTED_DATA
                0x0000000008005650      0x400 C:\Users\HP\Documents\work_space\SIGMA_UDS_TP\STM32_Cryptographic\lib\libSTM32Cryptographic_CM4.a(cmox_aesfast_encrypt.c.o)
                0x0000000008005650                CMOX_AES_ENC_TABLE
 CMOX_CTA_PROTECTED_DATA
                0x0000000008005a50      0x100 C:\Users\HP\Documents\work_space\SIGMA_UDS_TP\STM32_Cryptographic\lib\libSTM32Cryptographic_CM4.a(cmox_aes_common.c.o)
                0x0000000008005a50                CMOX_AES_SBOX

.ARM.extab      0x0000000008005b50        0x0
                0x0000000008005b50                . = ALIGN (0x4)
 *(.ARM.extab* .gnu.linkonce.armextab.*)
                0x0000000008005b50                . = ALIGN (0x4)

.ARM            0x0000000008005b50        0x8
                0x0000000008005b50                . = ALIGN (0x4)
                0x0000000008005b50                __exidx_start = .
 *(.ARM.exidx*)
 .ARM.exidx     0x0000000008005b50        0x8 c:/st/stm32cubeide_1.6.1/stm32cubeide/plugins/com.st.stm32cube.ide.mcu.externaltools.gnu-tools-for-stm32.9-2020-q2-update.win32_1.5.0.202011040924/tools/bin/../lib/gcc/arm-none-eabi/9.3.1/thumb/v7e-m+fp/hard\libgcc.a(_udivmoddi4.o)
                0x0000000008005b58                __exidx_end = .
                0x0000000008005b58                . = ALIGN (0x4)

.rel.dyn        0x0000000008005b58        0x0
 .rel.iplt      0x0000000008005b58        0x0 c:/st/stm32cubeide_1.6.1/stm32cubeide/plugins/com.st.stm32cube.ide.mcu.externaltools.gnu-tools-for-stm32.9-2020-q2-update.win32_1.5.0.202011040924/tools/bin/../lib/gcc/arm-none-eabi/9.3.1/thumb/v7e-m+fp/hard/crtbegin.o

.preinit_array  0x0000000008005b58        0x0
                0x0000000008005b58                . = ALIGN (0x4)
                0x0000000008005b58                PROVIDE (__preinit_array_start = .)
 *(.preinit_array*)
                0x0000000008005b58                PROVIDE (__preinit_array_end = .)
                0x0000000008005b58                . = ALIGN (0x4)

.init_array     0x0000000008005b58        0x4
                0x0000000008005b58                . = ALIGN (0x4)
                0x0000000008005b58                PROVIDE (__init_array_start = .)
 *(SORT_BY_NAME(.init_array.*))
 *(.init_array*)
 .init_array    0x0000000008005b58        0x4 c:/st/stm32cubeide_1.6.1/stm32cubeide/plugins/com.st.stm32cube.ide.mcu.externaltools.gnu-tools-for-stm32.9-2020-q2-update.win32_1.5.0.202011040924/tools/bin/../lib/gcc/arm-none-eabi/9.3.1/thumb/v7e-m+fp/hard/crtbegin.o
                0x0000000008005b5c                PROVIDE (__init_array_end = .)
                0x0000000008005b5c                . = ALIGN (0x4)

.fini_array     0x0000000008005b5c        0x4
                0x0000000008005b5c                . = ALIGN (0x4)
                [!provide]                        PROVIDE (__fini_array_start = .)
 *(SORT_BY_NAME(.fini_array.*))
 *(.fini_array*)
 .fini_array    0x0000000008005b5c        0x4 c:/st/stm32cubeide_1.6.1/stm32cubeide/plugins/com.st.stm32cube.ide.mcu.externaltools.gnu-tools-for-stm32.9-2020-q2-update.win32_1.5.0.202011040924/tools/bin/../lib/gcc/arm-none-eabi/9.3.1/thumb/v7e-m+fp/hard/crtbegin.o
                [!provide]                        PROVIDE (__fini_array_end = .)
                0x0000000008005b60                . = ALIGN (0x4)
                0x0000000008005b60                _sidata = LOADADDR (.data)

.data           0x0000000020000000       0x10 load address 0x0000000008005b60
                0x0000000020000000                . = ALIGN (0x4)
                0x0000000020000000                _sdata = .
 *(.data)
 *(.data*)
 .data.Ecu_session
                0x0000000020000000        0x1 Core/Src/main.o
                0x0000000020000000                Ecu_session
 .data.speed    0x0000000020000001        0x1 Core/Src/main.o
                0x0000000020000001                speed
 .data.temp     0x0000000020000002        0x1 Core/Src/main.o
                0x0000000020000002                temp
 *fill*         0x0000000020000003        0x1 
 .data.SystemCoreClock
                0x0000000020000004        0x4 Core/Src/system_stm32f4xx.o
                0x0000000020000004                SystemCoreClock
 .data.uwTickPrio
                0x0000000020000008        0x4 Drivers/STM32F4xx_HAL_Driver/Src/stm32f4xx_hal.o
                0x0000000020000008                uwTickPrio
 .data.uwTickFreq
                0x000000002000000c        0x1 Drivers/STM32F4xx_HAL_Driver/Src/stm32f4xx_hal.o
                0x000000002000000c                uwTickFreq
 *(.RamFunc)
 *(.RamFunc*)
                0x0000000020000010                . = ALIGN (0x4)
 *fill*         0x000000002000000d        0x3 
                0x0000000020000010                _edata = .

.igot.plt       0x0000000020000010        0x0 load address 0x0000000008005b70
 .igot.plt      0x0000000020000010        0x0 c:/st/stm32cubeide_1.6.1/stm32cubeide/plugins/com.st.stm32cube.ide.mcu.externaltools.gnu-tools-for-stm32.9-2020-q2-update.win32_1.5.0.202011040924/tools/bin/../lib/gcc/arm-none-eabi/9.3.1/thumb/v7e-m+fp/hard/crtbegin.o
                0x0000000020000010                . = ALIGN (0x4)

.bss            0x0000000020000010      0x134 load address 0x0000000008005b70
                0x0000000020000010                _sbss = .
                0x0000000020000010                __bss_start__ = _sbss
 *(.bss)
 .bss           0x0000000020000010       0x1c c:/st/stm32cubeide_1.6.1/stm32cubeide/plugins/com.st.stm32cube.ide.mcu.externaltools.gnu-tools-for-stm32.9-2020-q2-update.win32_1.5.0.202011040924/tools/bin/../lib/gcc/arm-none-eabi/9.3.1/thumb/v7e-m+fp/hard/crtbegin.o
 .bss           0x000000002000002c        0x1 C:\Users\HP\Documents\work_space\SIGMA_UDS_TP\STM32_Cryptographic\lib\libSTM32Cryptographic_CM4.a(cmox_init.c.o)
                0x000000002000002c                cmox_init_ctxi
 *(.bss*)
 .bss.frame_ready
                0x000000002000002d        0x1 Core/Src/main.o
                0x000000002000002d                frame_ready
 *fill*         0x000000002000002e        0x2 
 .bss.frame     0x0000000020000030        0x8 Core/Src/main.o
                0x0000000020000030                frame
 .bss.flag      0x0000000020000038        0x1 Core/Src/main.o
                0x0000000020000038                flag
 .bss.ioc_led_override
                0x0000000020000039        0x1 DCM/Src/SIGMA_io_control.o
 .bss.ioc_buzzer_override
                0x000000002000003a        0x1 DCM/Src/SIGMA_io_control.o
 .bss.ioc_fan_override
                0x000000002000003b        0x1 DCM/Src/SIGMA_io_control.o
 .bss.ioc_relay_override
                0x000000002000003c        0x1 DCM/Src/SIGMA_io_control.o
 .bss.ioc_led_frozen
                0x000000002000003d        0x1 DCM/Src/SIGMA_io_control.o
 .bss.ioc_buzzer_frozen
                0x000000002000003e        0x1 DCM/Src/SIGMA_io_control.o
 .bss.ioc_fan_frozen
                0x000000002000003f        0x1 DCM/Src/SIGMA_io_control.o
 .bss.ioc_relay_frozen
                0x0000000020000040        0x1 DCM/Src/SIGMA_io_control.o
 *fill*         0x0000000020000041        0x3 
 .bss.aes_seed  0x0000000020000044       0x10 DCM/Src/SIGMA_iso_tp.o
 .bss.aes_seed_sent
                0x0000000020000054        0x1 DCM/Src/SIGMA_iso_tp.o
 .bss.aes_attempts
                0x0000000020000055        0x1 DCM/Src/SIGMA_iso_tp.o
 .bss.aes_locked
                0x0000000020000056        0x1 DCM/Src/SIGMA_iso_tp.o
 *fill*         0x0000000020000057        0x1 
 .bss.aes_timestamp
                0x0000000020000058        0x4 DCM/Src/SIGMA_iso_tp.o
 .bss.high_sec_unlocked
                0x000000002000005c        0x1 DCM/Src/SIGMA_iso_tp.o
                0x000000002000005c                high_sec_unlocked
 *fill*         0x000000002000005d        0x3 
 .bss.iso_ctx   0x0000000020000060       0x48 DCM/Src/SIGMA_iso_tp.o
 .bss.assembled
                0x00000000200000a8       0x15 DCM/Src/SIGMA_uds.o
 *fill*         0x00000000200000bd        0x1 
 .bss.sec_seed  0x00000000200000be        0x2 DCM/Src/SIGMA_uds.o
 .bss.sec_seed_sent
                0x00000000200000c0        0x1 DCM/Src/SIGMA_uds.o
 .bss.sec_attempts
                0x00000000200000c1        0x1 DCM/Src/SIGMA_uds.o
 .bss.sec_locked
                0x00000000200000c2        0x1 DCM/Src/SIGMA_uds.o
 *fill*         0x00000000200000c3        0x1 
 .bss.sec_timestamp
                0x00000000200000c4        0x4 DCM/Src/SIGMA_uds.o
 .bss.sec_unlocked
                0x00000000200000c8        0x1 DCM/Src/SIGMA_uds.o
 *(COMMON)
 *fill*         0x00000000200000c9        0x3 
 COMMON         0x00000000200000cc       0x54 Core/Src/main.o
                0x00000000200000cc                hcrc
                0x00000000200000d4                tx_buf
                0x00000000200000dc                huart2
 COMMON         0x0000000020000120        0x4 Drivers/STM32F4xx_HAL_Driver/Src/stm32f4xx_hal.o
                0x0000000020000120                uwTick
 COMMON         0x0000000020000124       0x20 Drivers/STM32F4xx_HAL_Driver/Src/stm32f4xx_hal_flash.o
                0x0000000020000124                pFlash
                0x0000000020000144                . = ALIGN (0x4)
                0x0000000020000144                _ebss = .
                0x0000000020000144                __bss_end__ = _ebss

._user_heap_stack
                0x0000000020000144      0x604 load address 0x0000000008005b70
                0x0000000020000148                . = ALIGN (0x8)
 *fill*         0x0000000020000144        0x4 
                [!provide]                        PROVIDE (end = .)
                0x0000000020000148                PROVIDE (_end = .)
                0x0000000020000348                . = (. + _Min_Heap_Size)
 *fill*         0x0000000020000148      0x200 
                0x0000000020000748                . = (. + _Min_Stack_Size)
 *fill*         0x0000000020000348      0x400 
                0x0000000020000748                . = ALIGN (0x8)

/DISCARD/
 libc.a(*)
 libm.a(*)
 libgcc.a(*)

.ARM.attributes
                0x0000000000000000       0x34
 *(.ARM.attributes)
 .ARM.attributes
                0x0000000000000000       0x1e c:/st/stm32cubeide_1.6.1/stm32cubeide/plugins/com.st.stm32cube.ide.mcu.externaltools.gnu-tools-for-stm32.9-2020-q2-update.win32_1.5.0.202011040924/tools/bin/../lib/gcc/arm-none-eabi/9.3.1/thumb/v7e-m+fp/hard/crti.o
 .ARM.attributes
                0x000000000000001e       0x34 c:/st/stm32cubeide_1.6.1/stm32cubeide/plugins/com.st.stm32cube.ide.mcu.externaltools.gnu-tools-for-stm32.9-2020-q2-update.win32_1.5.0.202011040924/tools/bin/../lib/gcc/arm-none-eabi/9.3.1/thumb/v7e-m+fp/hard/crtbegin.o
 .ARM.attributes
                0x0000000000000052       0x34 Core/Src/main.o
 .ARM.attributes
                0x0000000000000086       0x34 Core/Src/stm32f4xx_hal_msp.o
 .ARM.attributes
                0x00000000000000ba       0x34 Core/Src/stm32f4xx_it.o
 .ARM.attributes
                0x00000000000000ee       0x34 Core/Src/system_stm32f4xx.o
 .ARM.attributes
                0x0000000000000122       0x21 Core/Startup/startup_stm32f411retx.o
 .ARM.attributes
                0x0000000000000143       0x34 DCM/Src/SIGMA_dcm_core.o
 .ARM.attributes
                0x0000000000000177       0x34 DCM/Src/SIGMA_flash.o
 .ARM.attributes
                0x00000000000001ab       0x34 DCM/Src/SIGMA_io_control.o
 .ARM.attributes
                0x00000000000001df       0x34 DCM/Src/SIGMA_iso_tp.o
 .ARM.attributes
                0x0000000000000213       0x34 DCM/Src/SIGMA_uds.o
 .ARM.attributes
                0x0000000000000247       0x34 Drivers/STM32F4xx_HAL_Driver/Src/stm32f4xx_hal.o
 .ARM.attributes
                0x000000000000027b       0x34 Drivers/STM32F4xx_HAL_Driver/Src/stm32f4xx_hal_cortex.o
 .ARM.attributes
                0x00000000000002af       0x34 Drivers/STM32F4xx_HAL_Driver/Src/stm32f4xx_hal_crc.o
 .ARM.attributes
                0x00000000000002e3       0x34 Drivers/STM32F4xx_HAL_Driver/Src/stm32f4xx_hal_dma.o
 .ARM.attributes
                0x0000000000000317       0x34 Drivers/STM32F4xx_HAL_Driver/Src/stm32f4xx_hal_flash.o
 .ARM.attributes
                0x000000000000034b       0x34 Drivers/STM32F4xx_HAL_Driver/Src/stm32f4xx_hal_flash_ex.o
 .ARM.attributes
                0x000000000000037f       0x34 Drivers/STM32F4xx_HAL_Driver/Src/stm32f4xx_hal_gpio.o
 .ARM.attributes
                0x00000000000003b3       0x34 Drivers/STM32F4xx_HAL_Driver/Src/stm32f4xx_hal_rcc.o
 .ARM.attributes
                0x00000000000003e7       0x34 Drivers/STM32F4xx_HAL_Driver/Src/stm32f4xx_hal_uart.o
 .ARM.attributes
                0x000000000000041b       0x34 STM32_Cryptographic/legacy_v3/src/cipher/legacy_v3_aes_ecb.o
 .ARM.attributes
                0x000000000000044f       0x50 C:\Users\HP\Documents\work_space\SIGMA_UDS_TP\STM32_Cryptographic\lib\libSTM32Cryptographic_CM4.a(cmox_cipher.c.o)
 .ARM.attributes
                0x000000000000049f       0x4e C:\Users\HP\Documents\work_space\SIGMA_UDS_TP\STM32_Cryptographic\lib\libSTM32Cryptographic_CM4.a(cmox_cipher_modes.c.o)
 .ARM.attributes
                0x00000000000004ed       0x50 C:\Users\HP\Documents\work_space\SIGMA_UDS_TP\STM32_Cryptographic\lib\libSTM32Cryptographic_CM4.a(cmox_cipher_utils.c.o)
 .ARM.attributes
                0x000000000000053d       0x4e C:\Users\HP\Documents\work_space\SIGMA_UDS_TP\STM32_Cryptographic\lib\libSTM32Cryptographic_CM4.a(cmox_ecb_aesfast_encrypt.c.o)
 .ARM.attributes
                0x000000000000058b       0x4e C:\Users\HP\Documents\work_space\SIGMA_UDS_TP\STM32_Cryptographic\lib\libSTM32Cryptographic_CM4.a(cmox_ecb_common.c.o)
 .ARM.attributes
                0x00000000000005d9       0x4e C:\Users\HP\Documents\work_space\SIGMA_UDS_TP\STM32_Cryptographic\lib\libSTM32Cryptographic_CM4.a(cmox_init.c.o)
 .ARM.attributes
                0x0000000000000627       0x4e C:\Users\HP\Documents\work_space\SIGMA_UDS_TP\STM32_Cryptographic\lib\libSTM32Cryptographic_CM4.a(cmox_aesfast_encrypt.c.o)
 .ARM.attributes
                0x0000000000000675       0x4e C:\Users\HP\Documents\work_space\SIGMA_UDS_TP\STM32_Cryptographic\lib\libSTM32Cryptographic_CM4.a(cmox_aes_common.c.o)
 .ARM.attributes
                0x00000000000006c3       0x34 c:/st/stm32cubeide_1.6.1/stm32cubeide/plugins/com.st.stm32cube.ide.mcu.externaltools.gnu-tools-for-stm32.9-2020-q2-update.win32_1.5.0.202011040924/tools/bin/../lib/gcc/arm-none-eabi/9.3.1/../../../../arm-none-eabi/lib/thumb/v7e-m+fp/hard\libc_nano.a(lib_a-aeabi_memclr.o)
 .ARM.attributes
                0x00000000000006f7       0x1c c:/st/stm32cubeide_1.6.1/stm32cubeide/plugins/com.st.stm32cube.ide.mcu.externaltools.gnu-tools-for-stm32.9-2020-q2-update.win32_1.5.0.202011040924/tools/bin/../lib/gcc/arm-none-eabi/9.3.1/../../../../arm-none-eabi/lib/thumb/v7e-m+fp/hard\libc_nano.a(lib_a-aeabi_memset-soft.o)
 .ARM.attributes
                0x0000000000000713       0x34 c:/st/stm32cubeide_1.6.1/stm32cubeide/plugins/com.st.stm32cube.ide.mcu.externaltools.gnu-tools-for-stm32.9-2020-q2-update.win32_1.5.0.202011040924/tools/bin/../lib/gcc/arm-none-eabi/9.3.1/../../../../arm-none-eabi/lib/thumb/v7e-m+fp/hard\libc_nano.a(lib_a-init.o)
 .ARM.attributes
                0x0000000000000747       0x34 c:/st/stm32cubeide_1.6.1/stm32cubeide/plugins/com.st.stm32cube.ide.mcu.externaltools.gnu-tools-for-stm32.9-2020-q2-update.win32_1.5.0.202011040924/tools/bin/../lib/gcc/arm-none-eabi/9.3.1/../../../../arm-none-eabi/lib/thumb/v7e-m+fp/hard\libc_nano.a(lib_a-memcmp.o)
 .ARM.attributes
                0x000000000000077b       0x34 c:/st/stm32cubeide_1.6.1/stm32cubeide/plugins/com.st.stm32cube.ide.mcu.externaltools.gnu-tools-for-stm32.9-2020-q2-update.win32_1.5.0.202011040924/tools/bin/../lib/gcc/arm-none-eabi/9.3.1/../../../../arm-none-eabi/lib/thumb/v7e-m+fp/hard\libc_nano.a(lib_a-memcpy-stub.o)
 .ARM.attributes
                0x00000000000007af       0x34 c:/st/stm32cubeide_1.6.1/stm32cubeide/plugins/com.st.stm32cube.ide.mcu.externaltools.gnu-tools-for-stm32.9-2020-q2-update.win32_1.5.0.202011040924/tools/bin/../lib/gcc/arm-none-eabi/9.3.1/../../../../arm-none-eabi/lib/thumb/v7e-m+fp/hard\libc_nano.a(lib_a-memset.o)
 .ARM.attributes
                0x00000000000007e3       0x1e c:/st/stm32cubeide_1.6.1/stm32cubeide/plugins/com.st.stm32cube.ide.mcu.externaltools.gnu-tools-for-stm32.9-2020-q2-update.win32_1.5.0.202011040924/tools/bin/../lib/gcc/arm-none-eabi/9.3.1/thumb/v7e-m+fp/hard\libgcc.a(_aeabi_uldivmod.o)
 .ARM.attributes
                0x0000000000000801       0x34 c:/st/stm32cubeide_1.6.1/stm32cubeide/plugins/com.st.stm32cube.ide.mcu.externaltools.gnu-tools-for-stm32.9-2020-q2-update.win32_1.5.0.202011040924/tools/bin/../lib/gcc/arm-none-eabi/9.3.1/thumb/v7e-m+fp/hard\libgcc.a(_udivmoddi4.o)
 .ARM.attributes
                0x0000000000000835       0x1e c:/st/stm32cubeide_1.6.1/stm32cubeide/plugins/com.st.stm32cube.ide.mcu.externaltools.gnu-tools-for-stm32.9-2020-q2-update.win32_1.5.0.202011040924/tools/bin/../lib/gcc/arm-none-eabi/9.3.1/thumb/v7e-m+fp/hard\libgcc.a(_dvmd_tls.o)
 .ARM.attributes
                0x0000000000000853       0x1e c:/st/stm32cubeide_1.6.1/stm32cubeide/plugins/com.st.stm32cube.ide.mcu.externaltools.gnu-tools-for-stm32.9-2020-q2-update.win32_1.5.0.202011040924/tools/bin/../lib/gcc/arm-none-eabi/9.3.1/thumb/v7e-m+fp/hard/crtn.o
OUTPUT(SIGMA_UDS_TP.elf elf32-littlearm)
LOAD linker stubs
LOAD c:/st/stm32cubeide_1.6.1/stm32cubeide/plugins/com.st.stm32cube.ide.mcu.externaltools.gnu-tools-for-stm32.9-2020-q2-update.win32_1.5.0.202011040924/tools/bin/../lib/gcc/arm-none-eabi/9.3.1/../../../../arm-none-eabi/lib/thumb/v7e-m+fp/hard\libc.a
LOAD c:/st/stm32cubeide_1.6.1/stm32cubeide/plugins/com.st.stm32cube.ide.mcu.externaltools.gnu-tools-for-stm32.9-2020-q2-update.win32_1.5.0.202011040924/tools/bin/../lib/gcc/arm-none-eabi/9.3.1/../../../../arm-none-eabi/lib/thumb/v7e-m+fp/hard\libm.a
LOAD c:/st/stm32cubeide_1.6.1/stm32cubeide/plugins/com.st.stm32cube.ide.mcu.externaltools.gnu-tools-for-stm32.9-2020-q2-update.win32_1.5.0.202011040924/tools/bin/../lib/gcc/arm-none-eabi/9.3.1/thumb/v7e-m+fp/hard\libgcc.a

.debug_info     0x0000000000000000    0x13cb0
 .debug_info    0x0000000000000000     0x24ca Core/Src/main.o
 .debug_info    0x00000000000024ca      0xcf9 Core/Src/stm32f4xx_hal_msp.o
 .debug_info    0x00000000000031c3      0x717 Core/Src/stm32f4xx_it.o
 .debug_info    0x00000000000038da      0x5d0 Core/Src/system_stm32f4xx.o
 .debug_info    0x0000000000003eaa       0x22 Core/Startup/startup_stm32f411retx.o
 .debug_info    0x0000000000003ecc     0x1c27 DCM/Src/SIGMA_dcm_core.o
 .debug_info    0x0000000000005af3      0xc4c DCM/Src/SIGMA_flash.o
 .debug_info    0x000000000000673f     0x134e DCM/Src/SIGMA_io_control.o
 .debug_info    0x0000000000007a8d     0x2169 DCM/Src/SIGMA_iso_tp.o
 .debug_info    0x0000000000009bf6     0x2146 DCM/Src/SIGMA_uds.o
 .debug_info    0x000000000000bd3c      0x944 Drivers/STM32F4xx_HAL_Driver/Src/stm32f4xx_hal.o
 .debug_info    0x000000000000c680      0xe47 Drivers/STM32F4xx_HAL_Driver/Src/stm32f4xx_hal_cortex.o
 .debug_info    0x000000000000d4c7      0x473 Drivers/STM32F4xx_HAL_Driver/Src/stm32f4xx_hal_crc.o
 .debug_info    0x000000000000d93a      0x9e9 Drivers/STM32F4xx_HAL_Driver/Src/stm32f4xx_hal_dma.o
 .debug_info    0x000000000000e323      0x675 Drivers/STM32F4xx_HAL_Driver/Src/stm32f4xx_hal_flash.o
 .debug_info    0x000000000000e998      0x8fd Drivers/STM32F4xx_HAL_Driver/Src/stm32f4xx_hal_flash_ex.o
 .debug_info    0x000000000000f295      0x862 Drivers/STM32F4xx_HAL_Driver/Src/stm32f4xx_hal_gpio.o
 .debug_info    0x000000000000faf7      0x9be Drivers/STM32F4xx_HAL_Driver/Src/stm32f4xx_hal_rcc.o
 .debug_info    0x00000000000104b5     0x31d6 Drivers/STM32F4xx_HAL_Driver/Src/stm32f4xx_hal_uart.o
 .debug_info    0x000000000001368b      0x625 STM32_Cryptographic/legacy_v3/src/cipher/legacy_v3_aes_ecb.o

.debug_abbrev   0x0000000000000000     0x2abe
 .debug_abbrev  0x0000000000000000      0x2d1 Core/Src/main.o
 .debug_abbrev  0x00000000000002d1      0x1d1 Core/Src/stm32f4xx_hal_msp.o
 .debug_abbrev  0x00000000000004a2      0x174 Core/Src/stm32f4xx_it.o
 .debug_abbrev  0x0000000000000616      0x145 Core/Src/system_stm32f4xx.o
 .debug_abbrev  0x000000000000075b       0x12 Core/Startup/startup_stm32f411retx.o
 .debug_abbrev  0x000000000000076d      0x227 DCM/Src/SIGMA_dcm_core.o
 .debug_abbrev  0x0000000000000994      0x22f DCM/Src/SIGMA_flash.o
 .debug_abbrev  0x0000000000000bc3      0x292 DCM/Src/SIGMA_io_control.o
 .debug_abbrev  0x0000000000000e55      0x2f8 DCM/Src/SIGMA_iso_tp.o
 .debug_abbrev  0x000000000000114d      0x2bf DCM/Src/SIGMA_uds.o
 .debug_abbrev  0x000000000000140c      0x21e Drivers/STM32F4xx_HAL_Driver/Src/stm32f4xx_hal.o
 .debug_abbrev  0x000000000000162a      0x33c Drivers/STM32F4xx_HAL_Driver/Src/stm32f4xx_hal_cortex.o
 .debug_abbrev  0x0000000000001966      0x1ae Drivers/STM32F4xx_HAL_Driver/Src/stm32f4xx_hal_crc.o
 .debug_abbrev  0x0000000000001b14      0x219 Drivers/STM32F4xx_HAL_Driver/Src/stm32f4xx_hal_dma.o
 .debug_abbrev  0x0000000000001d2d      0x27e Drivers/STM32F4xx_HAL_Driver/Src/stm32f4xx_hal_flash.o
 .debug_abbrev  0x0000000000001fab      0x26e Drivers/STM32F4xx_HAL_Driver/Src/stm32f4xx_hal_flash_ex.o
 .debug_abbrev  0x0000000000002219      0x1f1 Drivers/STM32F4xx_HAL_Driver/Src/stm32f4xx_hal_gpio.o
 .debug_abbrev  0x000000000000240a      0x275 Drivers/STM32F4xx_HAL_Driver/Src/stm32f4xx_hal_rcc.o
 .debug_abbrev  0x000000000000267f      0x2fc Drivers/STM32F4xx_HAL_Driver/Src/stm32f4xx_hal_uart.o
 .debug_abbrev  0x000000000000297b      0x143 STM32_Cryptographic/legacy_v3/src/cipher/legacy_v3_aes_ecb.o

.debug_aranges  0x0000000000000000      0xa38
 .debug_aranges
                0x0000000000000000       0x58 Core/Src/main.o
 .debug_aranges
                0x0000000000000058       0x40 Core/Src/stm32f4xx_hal_msp.o
 .debug_aranges
                0x0000000000000098       0x70 Core/Src/stm32f4xx_it.o
 .debug_aranges
                0x0000000000000108       0x28 Core/Src/system_stm32f4xx.o
 .debug_aranges
                0x0000000000000130       0x28 Core/Startup/startup_stm32f411retx.o
 .debug_aranges
                0x0000000000000158       0x38 DCM/Src/SIGMA_dcm_core.o
 .debug_aranges
                0x0000000000000190       0x38 DCM/Src/SIGMA_flash.o
 .debug_aranges
                0x00000000000001c8       0x58 DCM/Src/SIGMA_io_control.o
 .debug_aranges
                0x0000000000000220       0x48 DCM/Src/SIGMA_iso_tp.o
 .debug_aranges
                0x0000000000000268       0x58 DCM/Src/SIGMA_uds.o
 .debug_aranges
                0x00000000000002c0       0xf0 Drivers/STM32F4xx_HAL_Driver/Src/stm32f4xx_hal.o
 .debug_aranges
                0x00000000000003b0      0x118 Drivers/STM32F4xx_HAL_Driver/Src/stm32f4xx_hal_cortex.o
 .debug_aranges
                0x00000000000004c8       0x50 Drivers/STM32F4xx_HAL_Driver/Src/stm32f4xx_hal_crc.o
 .debug_aranges
                0x0000000000000518       0x90 Drivers/STM32F4xx_HAL_Driver/Src/stm32f4xx_hal_dma.o
 .debug_aranges
                0x00000000000005a8       0xa0 Drivers/STM32F4xx_HAL_Driver/Src/stm32f4xx_hal_flash.o
 .debug_aranges
                0x0000000000000648       0xc8 Drivers/STM32F4xx_HAL_Driver/Src/stm32f4xx_hal_flash_ex.o
 .debug_aranges
                0x0000000000000710       0x58 Drivers/STM32F4xx_HAL_Driver/Src/stm32f4xx_hal_gpio.o
 .debug_aranges
                0x0000000000000768       0x88 Drivers/STM32F4xx_HAL_Driver/Src/stm32f4xx_hal_rcc.o
 .debug_aranges
                0x00000000000007f0      0x200 Drivers/STM32F4xx_HAL_Driver/Src/stm32f4xx_hal_uart.o
 .debug_aranges
                0x00000000000009f0       0x48 STM32_Cryptographic/legacy_v3/src/cipher/legacy_v3_aes_ecb.o

.debug_ranges   0x0000000000000000      0x948
 .debug_ranges  0x0000000000000000       0x48 Core/Src/main.o
 .debug_ranges  0x0000000000000048       0x30 Core/Src/stm32f4xx_hal_msp.o
 .debug_ranges  0x0000000000000078       0x60 Core/Src/stm32f4xx_it.o
 .debug_ranges  0x00000000000000d8       0x18 Core/Src/system_stm32f4xx.o
 .debug_ranges  0x00000000000000f0       0x20 Core/Startup/startup_stm32f411retx.o
 .debug_ranges  0x0000000000000110       0x28 DCM/Src/SIGMA_dcm_core.o
 .debug_ranges  0x0000000000000138       0x28 DCM/Src/SIGMA_flash.o
 .debug_ranges  0x0000000000000160       0x48 DCM/Src/SIGMA_io_control.o
 .debug_ranges  0x00000000000001a8       0x50 DCM/Src/SIGMA_iso_tp.o
 .debug_ranges  0x00000000000001f8       0x48 DCM/Src/SIGMA_uds.o
 .debug_ranges  0x0000000000000240       0xe0 Drivers/STM32F4xx_HAL_Driver/Src/stm32f4xx_hal.o
 .debug_ranges  0x0000000000000320      0x108 Drivers/STM32F4xx_HAL_Driver/Src/stm32f4xx_hal_cortex.o
 .debug_ranges  0x0000000000000428       0x40 Drivers/STM32F4xx_HAL_Driver/Src/stm32f4xx_hal_crc.o
 .debug_ranges  0x0000000000000468       0x80 Drivers/STM32F4xx_HAL_Driver/Src/stm32f4xx_hal_dma.o
 .debug_ranges  0x00000000000004e8       0x90 Drivers/STM32F4xx_HAL_Driver/Src/stm32f4xx_hal_flash.o
 .debug_ranges  0x0000000000000578       0xb8 Drivers/STM32F4xx_HAL_Driver/Src/stm32f4xx_hal_flash_ex.o
 .debug_ranges  0x0000000000000630       0x48 Drivers/STM32F4xx_HAL_Driver/Src/stm32f4xx_hal_gpio.o
 .debug_ranges  0x0000000000000678       0x78 Drivers/STM32F4xx_HAL_Driver/Src/stm32f4xx_hal_rcc.o
 .debug_ranges  0x00000000000006f0      0x220 Drivers/STM32F4xx_HAL_Driver/Src/stm32f4xx_hal_uart.o
 .debug_ranges  0x0000000000000910       0x38 STM32_Cryptographic/legacy_v3/src/cipher/legacy_v3_aes_ecb.o

.debug_macro    0x0000000000000000    0x1811f
 .debug_macro   0x0000000000000000      0x623 Core/Src/main.o
 .debug_macro   0x0000000000000623      0xaa8 Core/Src/main.o
 .debug_macro   0x00000000000010cb      0x29b Core/Src/main.o
 .debug_macro   0x0000000000001366       0x2e Core/Src/main.o
 .debug_macro   0x0000000000001394       0x28 Core/Src/main.o
 .debug_macro   0x00000000000013bc       0x22 Core/Src/main.o
 .debug_macro   0x00000000000013de       0x8e Core/Src/main.o
 .debug_macro   0x000000000000146c       0x51 Core/Src/main.o
 .debug_macro   0x00000000000014bd      0x103 Core/Src/main.o
 .debug_macro   0x00000000000015c0       0x6a Core/Src/main.o
 .debug_macro   0x000000000000162a      0x1df Core/Src/main.o
 .debug_macro   0x0000000000001809       0x1c Core/Src/main.o
 .debug_macro   0x0000000000001825       0x22 Core/Src/main.o
 .debug_macro   0x0000000000001847       0xdf Core/Src/main.o
 .debug_macro   0x0000000000001926     0x102d Core/Src/main.o
 .debug_macro   0x0000000000002953      0x11f Core/Src/main.o
 .debug_macro   0x0000000000002a72     0xb953 Core/Src/main.o
 .debug_macro   0x000000000000e3c5       0x6d Core/Src/main.o
 .debug_macro   0x000000000000e432     0x3666 Core/Src/main.o
 .debug_macro   0x0000000000011a98      0x174 Core/Src/main.o
 .debug_macro   0x0000000000011c0c       0x5c Core/Src/main.o
 .debug_macro   0x0000000000011c68      0x447 Core/Src/main.o
 .debug_macro   0x00000000000120af      0x9fe Core/Src/main.o
 .debug_macro   0x0000000000012aad      0x116 Core/Src/main.o
 .debug_macro   0x0000000000012bc3      0x11b Core/Src/main.o
 .debug_macro   0x0000000000012cde       0xa5 Core/Src/main.o
 .debug_macro   0x0000000000012d83      0x15f Core/Src/main.o
 .debug_macro   0x0000000000012ee2      0x287 Core/Src/main.o
 .debug_macro   0x0000000000013169       0x5f Core/Src/main.o
 .debug_macro   0x00000000000131c8      0x236 Core/Src/main.o
 .debug_macro   0x00000000000133fe       0x22 Core/Src/main.o
 .debug_macro   0x0000000000013420      0x132 Core/Src/main.o
 .debug_macro   0x0000000000013552      0x264 Core/Src/main.o
 .debug_macro   0x00000000000137b6       0x2e Core/Src/main.o
 .debug_macro   0x00000000000137e4      0x11a Core/Src/main.o
 .debug_macro   0x00000000000138fe       0x85 Core/Src/main.o
 .debug_macro   0x0000000000013983       0x89 Core/Src/main.o
 .debug_macro   0x0000000000013a0c      0x295 Core/Src/main.o
 .debug_macro   0x0000000000013ca1      0x126 Core/Src/main.o
 .debug_macro   0x0000000000013dc7       0x5e Core/Src/main.o
 .debug_macro   0x0000000000013e25       0x22 Core/Src/main.o
 .debug_macro   0x0000000000013e47       0x52 Core/Src/main.o
 .debug_macro   0x0000000000013e99       0x18 Core/Src/main.o
 .debug_macro   0x0000000000013eb1       0x3c Core/Src/main.o
 .debug_macro   0x0000000000013eed       0x34 Core/Src/main.o
 .debug_macro   0x0000000000013f21       0x16 Core/Src/main.o
 .debug_macro   0x0000000000013f37       0x43 Core/Src/main.o
 .debug_macro   0x0000000000013f7a       0x34 Core/Src/main.o
 .debug_macro   0x0000000000013fae       0x10 Core/Src/main.o
 .debug_macro   0x0000000000013fbe       0x58 Core/Src/main.o
 .debug_macro   0x0000000000014016       0x71 Core/Src/main.o
 .debug_macro   0x0000000000014087       0x1c Core/Src/main.o
 .debug_macro   0x00000000000140a3      0x12a Core/Src/main.o
 .debug_macro   0x00000000000141cd      0x333 Core/Src/main.o
 .debug_macro   0x0000000000014500       0x10 Core/Src/main.o
 .debug_macro   0x0000000000014510       0x35 Core/Src/main.o
 .debug_macro   0x0000000000014545       0x20 Core/Src/main.o
 .debug_macro   0x0000000000014565       0x3a Core/Src/main.o
 .debug_macro   0x000000000001459f       0xf4 Core/Src/main.o
 .debug_macro   0x0000000000014693      0x19c Core/Src/main.o
 .debug_macro   0x000000000001482f       0x28 Core/Src/main.o
 .debug_macro   0x0000000000014857       0x16 Core/Src/main.o
 .debug_macro   0x000000000001486d       0x10 Core/Src/main.o
 .debug_macro   0x000000000001487d       0x10 Core/Src/main.o
 .debug_macro   0x000000000001488d       0x10 Core/Src/main.o
 .debug_macro   0x000000000001489d       0x1c Core/Src/main.o
 .debug_macro   0x00000000000148b9       0x2e Core/Src/main.o
 .debug_macro   0x00000000000148e7       0x3a Core/Src/main.o
 .debug_macro   0x0000000000014921       0x16 Core/Src/main.o
 .debug_macro   0x0000000000014937       0x22 Core/Src/main.o
 .debug_macro   0x0000000000014959       0xf6 Core/Src/main.o
 .debug_macro   0x0000000000014a4f      0x110 Core/Src/main.o
 .debug_macro   0x0000000000014b5f       0x4c Core/Src/main.o
 .debug_macro   0x0000000000014bab       0x10 Core/Src/main.o
 .debug_macro   0x0000000000014bbb       0x10 Core/Src/main.o
 .debug_macro   0x0000000000014bcb       0x4c Core/Src/main.o
 .debug_macro   0x0000000000014c17       0x16 Core/Src/main.o
 .debug_macro   0x0000000000014c2d       0x16 Core/Src/main.o
 .debug_macro   0x0000000000014c43       0x16 Core/Src/main.o
 .debug_macro   0x0000000000014c59       0x29 Core/Src/main.o
 .debug_macro   0x0000000000014c82       0x4c Core/Src/main.o
 .debug_macro   0x0000000000014cce      0x2b0 Core/Src/main.o
 .debug_macro   0x0000000000014f7e       0x52 Core/Src/main.o
 .debug_macro   0x0000000000014fd0      0x1d3 Core/Src/stm32f4xx_hal_msp.o
 .debug_macro   0x00000000000151a3      0x1dd Core/Src/stm32f4xx_it.o
 .debug_macro   0x0000000000015380      0x1c4 Core/Src/system_stm32f4xx.o
 .debug_macro   0x0000000000015544      0x625 DCM/Src/SIGMA_dcm_core.o
 .debug_macro   0x0000000000015b69       0xd9 DCM/Src/SIGMA_dcm_core.o
 .debug_macro   0x0000000000015c42       0x56 DCM/Src/SIGMA_dcm_core.o
 .debug_macro   0x0000000000015c98       0x64 DCM/Src/SIGMA_dcm_core.o
 .debug_macro   0x0000000000015cfc      0x357 DCM/Src/SIGMA_flash.o
 .debug_macro   0x0000000000016053      0x2f8 DCM/Src/SIGMA_io_control.o
 .debug_macro   0x000000000001634b      0x613 DCM/Src/SIGMA_iso_tp.o
 .debug_macro   0x000000000001695e       0x40 DCM/Src/SIGMA_iso_tp.o
 .debug_macro   0x000000000001699e      0x61d DCM/Src/SIGMA_uds.o
 .debug_macro   0x0000000000016fbb      0x224 Drivers/STM32F4xx_HAL_Driver/Src/stm32f4xx_hal.o
 .debug_macro   0x00000000000171df      0x1c4 Drivers/STM32F4xx_HAL_Driver/Src/stm32f4xx_hal_cortex.o
 .debug_macro   0x00000000000173a3      0x1c4 Drivers/STM32F4xx_HAL_Driver/Src/stm32f4xx_hal_crc.o
 .debug_macro   0x0000000000017567      0x1ca Drivers/STM32F4xx_HAL_Driver/Src/stm32f4xx_hal_dma.o
 .debug_macro   0x0000000000017731      0x1ca Drivers/STM32F4xx_HAL_Driver/Src/stm32f4xx_hal_flash.o
 .debug_macro   0x00000000000178fb      0x1ca Drivers/STM32F4xx_HAL_Driver/Src/stm32f4xx_hal_flash_ex.o
 .debug_macro   0x0000000000017ac5      0x1ca Drivers/STM32F4xx_HAL_Driver/Src/stm32f4xx_hal_gpio.o
 .debug_macro   0x0000000000017c8f      0x1e8 Drivers/STM32F4xx_HAL_Driver/Src/stm32f4xx_hal_rcc.o
 .debug_macro   0x0000000000017e77      0x1c5 Drivers/STM32F4xx_HAL_Driver/Src/stm32f4xx_hal_uart.o
 .debug_macro   0x000000000001803c       0xe3 STM32_Cryptographic/legacy_v3/src/cipher/legacy_v3_aes_ecb.o

.debug_line     0x0000000000000000    0x10d89
 .debug_line    0x0000000000000000     0x1413 Core/Src/main.o
 .debug_line    0x0000000000001413      0x736 Core/Src/stm32f4xx_hal_msp.o
 .debug_line    0x0000000000001b49      0x79f Core/Src/stm32f4xx_it.o
 .debug_line    0x00000000000022e8      0x72e Core/Src/system_stm32f4xx.o
 .debug_line    0x0000000000002a16       0x88 Core/Startup/startup_stm32f411retx.o
 .debug_line    0x0000000000002a9e     0x1318 DCM/Src/SIGMA_dcm_core.o
 .debug_line    0x0000000000003db6      0xa6a DCM/Src/SIGMA_flash.o
 .debug_line    0x0000000000004820      0xba1 DCM/Src/SIGMA_io_control.o
 .debug_line    0x00000000000053c1     0x15b8 DCM/Src/SIGMA_iso_tp.o
 .debug_line    0x0000000000006979     0x1897 DCM/Src/SIGMA_uds.o
 .debug_line    0x0000000000008210      0x994 Drivers/STM32F4xx_HAL_Driver/Src/stm32f4xx_hal.o
 .debug_line    0x0000000000008ba4      0xc43 Drivers/STM32F4xx_HAL_Driver/Src/stm32f4xx_hal_cortex.o
 .debug_line    0x00000000000097e7      0x7f3 Drivers/STM32F4xx_HAL_Driver/Src/stm32f4xx_hal_crc.o
 .debug_line    0x0000000000009fda      0xef9 Drivers/STM32F4xx_HAL_Driver/Src/stm32f4xx_hal_dma.o
 .debug_line    0x000000000000aed3      0xa26 Drivers/STM32F4xx_HAL_Driver/Src/stm32f4xx_hal_flash.o
 .debug_line    0x000000000000b8f9      0xb38 Drivers/STM32F4xx_HAL_Driver/Src/stm32f4xx_hal_flash_ex.o
 .debug_line    0x000000000000c431      0xace Drivers/STM32F4xx_HAL_Driver/Src/stm32f4xx_hal_gpio.o
 .debug_line    0x000000000000ceff      0xd10 Drivers/STM32F4xx_HAL_Driver/Src/stm32f4xx_hal_rcc.o
 .debug_line    0x000000000000dc0f     0x2a1b Drivers/STM32F4xx_HAL_Driver/Src/stm32f4xx_hal_uart.o
 .debug_line    0x000000000001062a      0x75f STM32_Cryptographic/legacy_v3/src/cipher/legacy_v3_aes_ecb.o

.debug_str      0x0000000000000000    0x8ba50
 .debug_str     0x0000000000000000    0x88426 Core/Src/main.o
                                      0x88f0b (size before relaxing)
 .debug_str     0x0000000000088426       0x72 Core/Src/stm32f4xx_hal_msp.o
                                      0x8069b (size before relaxing)
 .debug_str     0x0000000000088498       0xe4 Core/Src/stm32f4xx_it.o
                                      0x8015e (size before relaxing)
 .debug_str     0x000000000008857c       0xaf Core/Src/system_stm32f4xx.o
                                      0x7fcaf (size before relaxing)
 .debug_str     0x000000000008862b       0x36 Core/Startup/startup_stm32f411retx.o
                                         0x6a (size before relaxing)
 .debug_str     0x0000000000088661       0xb0 DCM/Src/SIGMA_dcm_core.o
                                      0x887d4 (size before relaxing)
 .debug_str     0x0000000000088711     0x1063 DCM/Src/SIGMA_flash.o
                                      0x83d96 (size before relaxing)
 .debug_str     0x0000000000089774      0x1e3 DCM/Src/SIGMA_io_control.o
                                      0x83a24 (size before relaxing)
 .debug_str     0x0000000000089957      0x2cc DCM/Src/SIGMA_iso_tp.o
                                      0x88a2f (size before relaxing)
 .debug_str     0x0000000000089c23      0x107 DCM/Src/SIGMA_uds.o
                                      0x8891c (size before relaxing)
 .debug_str     0x0000000000089d2a      0x58d Drivers/STM32F4xx_HAL_Driver/Src/stm32f4xx_hal.o
                                      0x80639 (size before relaxing)
 .debug_str     0x000000000008a2b7      0x393 Drivers/STM32F4xx_HAL_Driver/Src/stm32f4xx_hal_cortex.o
                                      0x80416 (size before relaxing)
 .debug_str     0x000000000008a64a       0xa5 Drivers/STM32F4xx_HAL_Driver/Src/stm32f4xx_hal_crc.o
                                      0x7fcf7 (size before relaxing)
 .debug_str     0x000000000008a6ef      0x322 Drivers/STM32F4xx_HAL_Driver/Src/stm32f4xx_hal_dma.o
                                      0x800c7 (size before relaxing)
 .debug_str     0x000000000008aa11      0x2a9 Drivers/STM32F4xx_HAL_Driver/Src/stm32f4xx_hal_flash.o
                                      0x7fe88 (size before relaxing)
 .debug_str     0x000000000008acba      0x2df Drivers/STM32F4xx_HAL_Driver/Src/stm32f4xx_hal_flash_ex.o
                                      0x7ffc1 (size before relaxing)
 .debug_str     0x000000000008af99      0x12c Drivers/STM32F4xx_HAL_Driver/Src/stm32f4xx_hal_gpio.o
                                      0x7fe56 (size before relaxing)
 .debug_str     0x000000000008b0c5      0x24e Drivers/STM32F4xx_HAL_Driver/Src/stm32f4xx_hal_rcc.o
                                      0x800b1 (size before relaxing)
 .debug_str     0x000000000008b313      0x5f5 Drivers/STM32F4xx_HAL_Driver/Src/stm32f4xx_hal_uart.o
                                      0x80625 (size before relaxing)
 .debug_str     0x000000000008b908      0x148 STM32_Cryptographic/legacy_v3/src/cipher/legacy_v3_aes_ecb.o
                                       0x60e3 (size before relaxing)

.comment        0x0000000000000000       0x53
 .comment       0x0000000000000000       0x53 Core/Src/main.o
                                         0x54 (size before relaxing)
 .comment       0x0000000000000053       0x54 Core/Src/stm32f4xx_hal_msp.o
 .comment       0x0000000000000053       0x54 Core/Src/stm32f4xx_it.o
 .comment       0x0000000000000053       0x54 Core/Src/system_stm32f4xx.o
 .comment       0x0000000000000053       0x54 DCM/Src/SIGMA_dcm_core.o
 .comment       0x0000000000000053       0x54 DCM/Src/SIGMA_flash.o
 .comment       0x0000000000000053       0x54 DCM/Src/SIGMA_io_control.o
 .comment       0x0000000000000053       0x54 DCM/Src/SIGMA_iso_tp.o
 .comment       0x0000000000000053       0x54 DCM/Src/SIGMA_uds.o
 .comment       0x0000000000000053       0x54 Drivers/STM32F4xx_HAL_Driver/Src/stm32f4xx_hal.o
 .comment       0x0000000000000053       0x54 Drivers/STM32F4xx_HAL_Driver/Src/stm32f4xx_hal_cortex.o
 .comment       0x0000000000000053       0x54 Drivers/STM32F4xx_HAL_Driver/Src/stm32f4xx_hal_crc.o
 .comment       0x0000000000000053       0x54 Drivers/STM32F4xx_HAL_Driver/Src/stm32f4xx_hal_dma.o
 .comment       0x0000000000000053       0x54 Drivers/STM32F4xx_HAL_Driver/Src/stm32f4xx_hal_flash.o
 .comment       0x0000000000000053       0x54 Drivers/STM32F4xx_HAL_Driver/Src/stm32f4xx_hal_flash_ex.o
 .comment       0x0000000000000053       0x54 Drivers/STM32F4xx_HAL_Driver/Src/stm32f4xx_hal_gpio.o
 .comment       0x0000000000000053       0x54 Drivers/STM32F4xx_HAL_Driver/Src/stm32f4xx_hal_rcc.o
 .comment       0x0000000000000053       0x54 Drivers/STM32F4xx_HAL_Driver/Src/stm32f4xx_hal_uart.o
 .comment       0x0000000000000053       0x54 STM32_Cryptographic/legacy_v3/src/cipher/legacy_v3_aes_ecb.o

.iar_vfe_header
                0x0000000000000000       0x20
 .iar_vfe_header
                0x0000000000000000        0x4 C:\Users\HP\Documents\work_space\SIGMA_UDS_TP\STM32_Cryptographic\lib\libSTM32Cryptographic_CM4.a(cmox_cipher.c.o)
 .iar_vfe_header
                0x0000000000000004        0x4 C:\Users\HP\Documents\work_space\SIGMA_UDS_TP\STM32_Cryptographic\lib\libSTM32Cryptographic_CM4.a(cmox_cipher_modes.c.o)
 .iar_vfe_header
                0x0000000000000008        0x4 C:\Users\HP\Documents\work_space\SIGMA_UDS_TP\STM32_Cryptographic\lib\libSTM32Cryptographic_CM4.a(cmox_cipher_utils.c.o)
 .iar_vfe_header
                0x000000000000000c        0x4 C:\Users\HP\Documents\work_space\SIGMA_UDS_TP\STM32_Cryptographic\lib\libSTM32Cryptographic_CM4.a(cmox_ecb_aesfast_encrypt.c.o)
 .iar_vfe_header
                0x0000000000000010        0x4 C:\Users\HP\Documents\work_space\SIGMA_UDS_TP\STM32_Cryptographic\lib\libSTM32Cryptographic_CM4.a(cmox_ecb_common.c.o)
 .iar_vfe_header
                0x0000000000000014        0x4 C:\Users\HP\Documents\work_space\SIGMA_UDS_TP\STM32_Cryptographic\lib\libSTM32Cryptographic_CM4.a(cmox_init.c.o)
 .iar_vfe_header
                0x0000000000000018        0x4 C:\Users\HP\Documents\work_space\SIGMA_UDS_TP\STM32_Cryptographic\lib\libSTM32Cryptographic_CM4.a(cmox_aesfast_encrypt.c.o)
 .iar_vfe_header
                0x000000000000001c        0x4 C:\Users\HP\Documents\work_space\SIGMA_UDS_TP\STM32_Cryptographic\lib\libSTM32Cryptographic_CM4.a(cmox_aes_common.c.o)

.debug_frame    0x0000000000000000     0x27a4
 .debug_frame   0x0000000000000000      0x110 Core/Src/main.o
 .debug_frame   0x0000000000000110       0xcc Core/Src/stm32f4xx_hal_msp.o
 .debug_frame   0x00000000000001dc      0x13c Core/Src/stm32f4xx_it.o
 .debug_frame   0x0000000000000318       0x58 Core/Src/system_stm32f4xx.o
 .debug_frame   0x0000000000000370       0x9c DCM/Src/SIGMA_dcm_core.o
 .debug_frame   0x000000000000040c       0xa8 DCM/Src/SIGMA_flash.o
 .debug_frame   0x00000000000004b4      0x134 DCM/Src/SIGMA_io_control.o
 .debug_frame   0x00000000000005e8       0xec DCM/Src/SIGMA_iso_tp.o
 .debug_frame   0x00000000000006d4      0x134 DCM/Src/SIGMA_uds.o
 .debug_frame   0x0000000000000808      0x374 Drivers/STM32F4xx_HAL_Driver/Src/stm32f4xx_hal.o
 .debug_frame   0x0000000000000b7c      0x498 Drivers/STM32F4xx_HAL_Driver/Src/stm32f4xx_hal_cortex.o
 .debug_frame   0x0000000000001014      0x120 Drivers/STM32F4xx_HAL_Driver/Src/stm32f4xx_hal_crc.o
 .debug_frame   0x0000000000001134      0x250 Drivers/STM32F4xx_HAL_Driver/Src/stm32f4xx_hal_dma.o
 .debug_frame   0x0000000000001384      0x274 Drivers/STM32F4xx_HAL_Driver/Src/stm32f4xx_hal_flash.o
 .debug_frame   0x00000000000015f8      0x334 Drivers/STM32F4xx_HAL_Driver/Src/stm32f4xx_hal_flash_ex.o
 .debug_frame   0x000000000000192c      0x14c Drivers/STM32F4xx_HAL_Driver/Src/stm32f4xx_hal_gpio.o
 .debug_frame   0x0000000000001a78      0x1f0 Drivers/STM32F4xx_HAL_Driver/Src/stm32f4xx_hal_rcc.o
 .debug_frame   0x0000000000001c68      0x92c Drivers/STM32F4xx_HAL_Driver/Src/stm32f4xx_hal_uart.o
 .debug_frame   0x0000000000002594       0xf0 STM32_Cryptographic/legacy_v3/src/cipher/legacy_v3_aes_ecb.o
 .debug_frame   0x0000000000002684       0x20 c:/st/stm32cubeide_1.6.1/stm32cubeide/plugins/com.st.stm32cube.ide.mcu.externaltools.gnu-tools-for-stm32.9-2020-q2-update.win32_1.5.0.202011040924/tools/bin/../lib/gcc/arm-none-eabi/9.3.1/../../../../arm-none-eabi/lib/thumb/v7e-m+fp/hard\libc_nano.a(lib_a-aeabi_memclr.o)
 .debug_frame   0x00000000000026a4       0x2c c:/st/stm32cubeide_1.6.1/stm32cubeide/plugins/com.st.stm32cube.ide.mcu.externaltools.gnu-tools-for-stm32.9-2020-q2-update.win32_1.5.0.202011040924/tools/bin/../lib/gcc/arm-none-eabi/9.3.1/../../../../arm-none-eabi/lib/thumb/v7e-m+fp/hard\libc_nano.a(lib_a-init.o)
 .debug_frame   0x00000000000026d0       0x2c c:/st/stm32cubeide_1.6.1/stm32cubeide/plugins/com.st.stm32cube.ide.mcu.externaltools.gnu-tools-for-stm32.9-2020-q2-update.win32_1.5.0.202011040924/tools/bin/../lib/gcc/arm-none-eabi/9.3.1/../../../../arm-none-eabi/lib/thumb/v7e-m+fp/hard\libc_nano.a(lib_a-memcmp.o)
 .debug_frame   0x00000000000026fc       0x28 c:/st/stm32cubeide_1.6.1/stm32cubeide/plugins/com.st.stm32cube.ide.mcu.externaltools.gnu-tools-for-stm32.9-2020-q2-update.win32_1.5.0.202011040924/tools/bin/../lib/gcc/arm-none-eabi/9.3.1/../../../../arm-none-eabi/lib/thumb/v7e-m+fp/hard\libc_nano.a(lib_a-memcpy-stub.o)
 .debug_frame   0x0000000000002724       0x20 c:/st/stm32cubeide_1.6.1/stm32cubeide/plugins/com.st.stm32cube.ide.mcu.externaltools.gnu-tools-for-stm32.9-2020-q2-update.win32_1.5.0.202011040924/tools/bin/../lib/gcc/arm-none-eabi/9.3.1/../../../../arm-none-eabi/lib/thumb/v7e-m+fp/hard\libc_nano.a(lib_a-memset.o)
 .debug_frame   0x0000000000002744       0x2c c:/st/stm32cubeide_1.6.1/stm32cubeide/plugins/com.st.stm32cube.ide.mcu.externaltools.gnu-tools-for-stm32.9-2020-q2-update.win32_1.5.0.202011040924/tools/bin/../lib/gcc/arm-none-eabi/9.3.1/thumb/v7e-m+fp/hard\libgcc.a(_aeabi_uldivmod.o)
 .debug_frame   0x0000000000002770       0x34 c:/st/stm32cubeide_1.6.1/stm32cubeide/plugins/com.st.stm32cube.ide.mcu.externaltools.gnu-tools-for-stm32.9-2020-q2-update.win32_1.5.0.202011040924/tools/bin/../lib/gcc/arm-none-eabi/9.3.1/thumb/v7e-m+fp/hard\libgcc.a(_udivmoddi4.o)
